 Quadrotor_sfun

 Timestamp is 5083b081 (Sun Oct 21 12:21:21 2012)

 Preferred load address is 0000000180000000

 Start         Length     Name                   Class
 0001:00000000 0004ae44H .text                   CODE
 0001:0004ae50 00000092H .text$x                 CODE
 0002:00000000 00000490H .idata$5                DATA
 0002:00000490 00000008H .CRT$XCA                DATA
 0002:00000498 00000008H .CRT$XCZ                DATA
 0002:000004a0 00000008H .CRT$XIA                DATA
 0002:000004a8 00000008H .CRT$XIAA               DATA
 0002:000004b0 00000008H .CRT$XIZ                DATA
 0002:000004c0 00004b8cH .rdata                  DATA
 0002:00005050 00000008H .rtc$IAA                DATA
 0002:00005058 00000008H .rtc$IZZ                DATA
 0002:00005060 00000008H .rtc$TAA                DATA
 0002:00005068 00000008H .rtc$TZZ                DATA
 0002:00005070 00004424H .xdata                  DATA
 0002:00009494 000000a0H .idata$2                DATA
 0002:00009534 00000014H .idata$3                DATA
 0002:00009548 00000490H .idata$4                DATA
 0002:000099d8 00000a9cH .idata$6                DATA
 0002:0000a480 00000054H .edata                  DATA
 0003:00000000 00007f58H .data                   DATA
 0003:00007f60 000026d8H .bss                    DATA
 0004:00000000 000037c8H .pdata                  DATA

  Address         Publics by Value              Rva+Base               Lib:Object

 0000:00000000       ___safe_se_handler_count   0000000000000000     <absolute>
 0000:00000000       ___safe_se_handler_table   0000000000000000     <absolute>
 0000:00000000       __ImageBase                0000000180000000     <linker-defined>
 0001:00000000       sf_c1_Quadrotor_get_eml_resolved_functions_info 0000000180001000 f   c1_Quadrotor.obj
 0001:00001730       sf_c1_Quadrotor_get_check_sum 0000000180002730 f   c1_Quadrotor.obj
 0001:000017b0       sf_c1_Quadrotor_get_autoinheritance_info 00000001800027b0 f   c1_Quadrotor.obj
 0001:00002230       sf_internal_get_sim_state_c1_Quadrotor 0000000180003230 f   c1_Quadrotor.obj
 0001:00002df0       sf_internal_set_sim_state_c1_Quadrotor 0000000180003df0 f   c1_Quadrotor.obj
 0001:00003d20       c1_Quadrotor_method_dispatcher 0000000180004d20 f   c1_Quadrotor.obj
 0001:000089d0       sf_c2_Quadrotor_get_eml_resolved_functions_info 00000001800099d0 f   c2_Quadrotor.obj
 0001:0000a060       sf_c2_Quadrotor_get_check_sum 000000018000b060 f   c2_Quadrotor.obj
 0001:0000a0e0       sf_c2_Quadrotor_get_autoinheritance_info 000000018000b0e0 f   c2_Quadrotor.obj
 0001:0000a8d0       sf_internal_get_sim_state_c2_Quadrotor 000000018000b8d0 f   c2_Quadrotor.obj
 0001:0000b480       sf_internal_set_sim_state_c2_Quadrotor 000000018000c480 f   c2_Quadrotor.obj
 0001:0000c3b0       c2_Quadrotor_method_dispatcher 000000018000d3b0 f   c2_Quadrotor.obj
 0001:00010aa0       sf_c3_Quadrotor_get_eml_resolved_functions_info 0000000180011aa0 f   c3_Quadrotor.obj
 0001:00012120       sf_c3_Quadrotor_get_check_sum 0000000180013120 f   c3_Quadrotor.obj
 0001:000121a0       sf_c3_Quadrotor_get_autoinheritance_info 00000001800131a0 f   c3_Quadrotor.obj
 0001:00012990       sf_internal_get_sim_state_c3_Quadrotor 0000000180013990 f   c3_Quadrotor.obj
 0001:00013550       sf_internal_set_sim_state_c3_Quadrotor 0000000180014550 f   c3_Quadrotor.obj
 0001:00014480       c3_Quadrotor_method_dispatcher 0000000180015480 f   c3_Quadrotor.obj
 0001:00018b80       sf_process_check_sum_call  0000000180019b80 f   Quadrotor_sfun_registry.obj
 0001:00018bd0       sf_process_autoinheritance_call 0000000180019bd0 f   Quadrotor_sfun_registry.obj
 0001:00018d70       sf_process_get_eml_resolved_functions_info_call 0000000180019d70 f   Quadrotor_sfun_registry.obj
 0001:00018ef0       sf_mex_unlock_call         0000000180019ef0 f   Quadrotor_sfun_registry.obj
 0001:00018fa0       sf_machine_global_initializer_called 0000000180019fa0 f   Quadrotor_sfun_registry.obj
 0001:00018fd0       sf_machine_global_method_dispatcher 0000000180019fd0 f   Quadrotor_sfun_registry.obj
 0001:00019030       sf_machine_global_terminator 000000018001a030 f   Quadrotor_sfun_registry.obj
 0001:00019070       sf_register_machine_exported_symbols 000000018001a070 f   Quadrotor_sfun_registry.obj
 0001:00019090       callCustomFcn              000000018001a090 f   Quadrotor_sfun_registry.obj
 0001:000190a0       sf_machine_global_initializer 000000018001a0a0 f   Quadrotor_sfun_registry.obj
 0001:00019110       _ssSetStateAbsTol          000000018001a110 f   Quadrotor_sfun_registry.obj
 0001:000191f0       _ssGetAbsTol               000000018001a1f0 f   Quadrotor_sfun_registry.obj
 0001:00019260       _ssSetInputPortMatrixDimensions 000000018001a260 f   Quadrotor_sfun_registry.obj
 0001:00019370       _ssSetOutputPortMatrixDimensions 000000018001a370 f   Quadrotor_sfun_registry.obj
 0001:00019480       _ssSetInputPortVectorDimension 000000018001a480 f   Quadrotor_sfun_registry.obj
 0001:00019550       _ssSetOutputPortVectorDimension 000000018001a550 f   Quadrotor_sfun_registry.obj
 0001:00019620       ssIsRunTimeParamTunable    000000018001a620 f   Quadrotor_sfun_registry.obj
 0001:00019690       ssGetSFuncBlockHandle      000000018001a690 f   Quadrotor_sfun_registry.obj
 0001:00019700       _ssGetCurrentInputPortWidth 000000018001a700 f   Quadrotor_sfun_registry.obj
 0001:00019820       _ssGetCurrentOutputPortWidth 000000018001a820 f   Quadrotor_sfun_registry.obj
 0001:00019940       _ssGetCallSystemNumFcnCallDestinations 000000018001a940 f   Quadrotor_sfun_registry.obj
 0001:000199b0       ssWarning                  000000018001a9b0 f   Quadrotor_sfun_registry.obj
 0001:00019ac0       ssGetIsZeroCrossControlDisabled 000000018001aac0 f   Quadrotor_sfun_registry.obj
 0001:00019b30       ssSetIsInputPortUsedForContZcSignal 000000018001ab30 f   Quadrotor_sfun_registry.obj
 0001:00019ba0       ssSetZcSignalIsZcElementDisc 000000018001aba0 f   Quadrotor_sfun_registry.obj
 0001:00019c50       ssSetZcSignalName          000000018001ac50 f   Quadrotor_sfun_registry.obj
 0001:00019cc0       ssSetZcSignalWidth         000000018001acc0 f   Quadrotor_sfun_registry.obj
 0001:00019d30       ssSetZcSignalZcEventType   000000018001ad30 f   Quadrotor_sfun_registry.obj
 0001:00019da0       ssSetZcSignalType          000000018001ada0 f   Quadrotor_sfun_registry.obj
 0001:00019e10       ssSetZcSignalZcTol         000000018001ae10 f   Quadrotor_sfun_registry.obj
 0001:00019e80       ssSetZcSignalNeedsEventNotification 000000018001ae80 f   Quadrotor_sfun_registry.obj
 0001:00019ef0       ssCreateAndAddZcSignalInfo 000000018001aef0 f   Quadrotor_sfun_registry.obj
 0001:00019f60       ssCloneAndAddZcSignalInfo  000000018001af60 f   Quadrotor_sfun_registry.obj
 0001:00019fd0       ssGetNumZcSignals          000000018001afd0 f   Quadrotor_sfun_registry.obj
 0001:0001a040       ssGetZcSignalVector        000000018001b040 f   Quadrotor_sfun_registry.obj
 0001:0001a0b0       ssGetZcSignalZcEvents      000000018001b0b0 f   Quadrotor_sfun_registry.obj
 0001:0001a120       ssGetZcSignalName          000000018001b120 f   Quadrotor_sfun_registry.obj
 0001:0001a190       ssGetZcSignalWidth         000000018001b190 f   Quadrotor_sfun_registry.obj
 0001:0001a200       ssGetZcSignalZcEventType   000000018001b200 f   Quadrotor_sfun_registry.obj
 0001:0001a270       ssGetZcSignalType          000000018001b270 f   Quadrotor_sfun_registry.obj
 0001:0001a2e0       ssGetZcSignalZcTol         000000018001b2e0 f   Quadrotor_sfun_registry.obj
 0001:0001a360       ssGetZcSignalNeedsEventNotification 000000018001b360 f   Quadrotor_sfun_registry.obj
 0001:0001a3d0       ssGetZcSignalIsZcElementDisc 000000018001b3d0 f   Quadrotor_sfun_registry.obj
 0001:0001a470       ssGetIsInputPortElementContinuous 000000018001b470 f   Quadrotor_sfun_registry.obj
 0001:0001a510       _ssGetInputPortSignalPtrsFcn 000000018001b510 f   Quadrotor_sfun_registry.obj
 0001:0001a7d0       _ssGetInputPortSignalFcn   000000018001b7d0 f   Quadrotor_sfun_registry.obj
 0001:0001a9f0       _ssSetInputPortDirectFeedThroughFcn 000000018001b9f0 f   Quadrotor_sfun_registry.obj
 0001:0001ab50       _ssSetInputPortReusableFcn 000000018001bb50 f   Quadrotor_sfun_registry.obj
 0001:0001ac40       _ssSetOutputPortReusableFcn 000000018001bc40 f   Quadrotor_sfun_registry.obj
 0001:0001ad20       ssGetDTypeIdFromMxArray    000000018001bd20 f   Quadrotor_sfun_registry.obj
 0001:0001ae40       ssWriteRTWStr              000000018001be40 f   Quadrotor_sfun_registry.obj
 0001:0001aea0       ssWriteRTWMxVectParam      000000018001bea0 f   Quadrotor_sfun_registry.obj
 0001:0001af00       ssWriteRTWMx2dMatParam     000000018001bf00 f   Quadrotor_sfun_registry.obj
 0001:0001af80       ssWriteRTWNameValuePair    000000018001bf80 f   Quadrotor_sfun_registry.obj
 0001:0001b470       ssWriteRTWParameters       000000018001c470 f   Quadrotor_sfun_registry.obj
 0001:0001ba70       ssWriteRTWParamSettings    000000018001ca70 f   Quadrotor_sfun_registry.obj
 0001:0001c140       ssWriteRTWWorkVect         000000018001d140 f   Quadrotor_sfun_registry.obj
 0001:0001c640       mexFunction                000000018001d640 f   Quadrotor_sfun_registry.obj
 0001:0001e280       ProcessMexSfunctionEveryCall 000000018001f280 f   Quadrotor_sfun_registry.obj
 0001:0001e3f0       Quadrotor_initializer      000000018001f3f0 f   Quadrotor_sfun.obj
 0001:0001e400       Quadrotor_terminator       000000018001f400 f   Quadrotor_sfun.obj
 0001:0001e410       sf_Quadrotor_method_dispatcher 000000018001f410 f   Quadrotor_sfun.obj
 0001:0001e4a0       sf_Quadrotor_process_check_sum_call 000000018001f4a0 f   Quadrotor_sfun.obj
 0001:0001e8e0       sf_Quadrotor_autoinheritance_info 000000018001f8e0 f   Quadrotor_sfun.obj
 0001:0001eaf0       sf_Quadrotor_get_eml_resolved_functions_info 000000018001faf0 f   Quadrotor_sfun.obj
 0001:0001eca0       Quadrotor_debug_initialize 000000018001fca0 f   Quadrotor_sfun.obj
 0001:0001ed10       Quadrotor_register_exported_symbols 000000018001fd10 f   Quadrotor_sfun.obj
 0001:0001ed20       load_Quadrotor_optimization_info 000000018001fd20 f   Quadrotor_sfun.obj
 0001:0001ed70       unload_Quadrotor_optimization_info 000000018001fd70 f   Quadrotor_sfun.obj
 0001:0001ee40       sf_mex_mx_is_numeric       000000018001fe40 f   sfc_mex:sfc_mex.obj
 0001:0001ee80       strcmp_ignore_ws           000000018001fe80 f   sfc_mex:sfc_mex.obj
 0001:0001efc0       sf_mex_duplicatearraysafe  000000018001ffc0 f   sfc_mex:sfc_mex.obj
 0001:0001f120       sf_set_error_debugger_context_message_fcn 0000000180020120 f   sfc_mex:sfc_mex.obj
 0001:0001f130       sf_set_debugger_matlab_error_fcn 0000000180020130 f   sfc_mex:sfc_mex.obj
 0001:0001f160       sf_set_error_prefix_string 0000000180020160 f   sfc_mex:sfc_mex.obj
 0001:0001f190       sf_get_error_prefix_string 0000000180020190 f   sfc_mex:sfc_mex.obj
 0001:0001f1a0       sf_mex_enter_parallel_region 00000001800201a0 f   sfc_mex:sfc_mex.obj
 0001:0001f1b0       sf_mex_exit_parallel_region 00000001800201b0 f   sfc_mex:sfc_mex.obj
 0001:0001f1c0       sf_get_current_jmp_buf_ptr 00000001800201c0 f   sfc_mex:sfc_mex.obj
 0001:0001f1d0       sf_set_current_jmp_buf_ptr 00000001800201d0 f   sfc_mex:sfc_mex.obj
 0001:0001f1e0       sf_mex_set_halt_simulation 00000001800201e0 f   sfc_mex:sfc_mex.obj
 0001:0001f1f0       sf_mex_get_halt_simulation 00000001800201f0 f   sfc_mex:sfc_mex.obj
 0001:0001f200       sf_mex_clear_error_message 0000000180020200 f   sfc_mex:sfc_mex.obj
 0001:0001f220       sf_mex_get_error_message_for_read 0000000180020220 f   sfc_mex:sfc_mex.obj
 0001:0001f230       sf_mex_get_error_message_buffer_length 0000000180020230 f   sfc_mex:sfc_mex.obj
 0001:0001f310       sf_mex_warning_message     0000000180020310 f   sfc_mex:sfc_mex.obj
 0001:0001f380       sf_mex_v_errbuf_createf    0000000180020380 f   sfc_mex:sfc_mex.obj
 0001:0001f390       sf_mex_errbuf_createf      0000000180020390 f   sfc_mex:sfc_mex.obj
 0001:0001f3c0       sf_mex_v_errbuf_catf       00000001800203c0 f   sfc_mex:sfc_mex.obj
 0001:0001f400       sf_mex_errbuf_catf         0000000180020400 f   sfc_mex:sfc_mex.obj
 0001:0001f450       sf_mex_errbuf_copy         0000000180020450 f   sfc_mex:sfc_mex.obj
 0001:0001f460       sf_mex_errbuf_clear        0000000180020460 f   sfc_mex:sfc_mex.obj
 0001:0001f470       sf_mex_errbuf_isempty      0000000180020470 f   sfc_mex:sfc_mex.obj
 0001:0001f580       sf_mex_set_error_status    0000000180020580 f   sfc_mex:sfc_mex.obj
 0001:0001f5d0       sf_mex_error_direct_call   00000001800205d0 f   sfc_mex:sfc_mex.obj
 0001:0001f5f0       sf_mex_error_message_no_long_jump 00000001800205f0 f   sfc_mex:sfc_mex.obj
 0001:0001f610       sf_mex_long_jump_on_error  0000000180020610 f   sfc_mex:sfc_mex.obj
 0001:0001f640       sf_mex_call_matlab         0000000180020640 f   sfc_mex:sfc_mex.obj
 0001:0001f760       sf_mex_check_builtin       0000000180020760 f   sfc_mex:sfc_mex.obj
 0001:0001f7a0       sf_mex_check_builtin_vs    00000001800207a0 f   sfc_mex:sfc_mex.obj
 0001:0001f800       sf_mex_check_enum          0000000180020800 f   sfc_mex:sfc_mex.obj
 0001:0001f830       sf_mex_create_enum         0000000180020830 f   sfc_mex:sfc_mex.obj
 0001:0001f850       sf_mex_get_enum_element    0000000180020850 f   sfc_mex:sfc_mex.obj
 0001:0001f860       sf_mex_createcellarray     0000000180020860 f   sfc_mex:sfc_mex.obj
 0001:0001f870       sf_mex_setcell             0000000180020870 f   sfc_mex:sfc_mex.obj
 0001:0001f880       sf_mex_getcell             0000000180020880 f   sfc_mex:sfc_mex.obj
 0001:0001f890       sf_mex_dup                 0000000180020890 f   sfc_mex:sfc_mex.obj
 0001:0001f8b0       sf_mex_assign              00000001800208b0 f   sfc_mex:sfc_mex.obj
 0001:0001f930       sf_mex_destroy             0000000180020930 f   sfc_mex:sfc_mex.obj
 0001:0001f960       mx_array_has_fi_type       0000000180020960 f   sfc_mex:sfc_mex.obj
 0001:0001f990       sf_mex_convert_from_fi     0000000180020990 f   sfc_mex:sfc_mex.obj
 0001:0001fa40       sf_mex_convert_to_double   0000000180020a40 f   sfc_mex:sfc_mex.obj
 0001:0001fb60       sf_mex_import_fi_vs        0000000180020b60 f   sfc_mex:sfc_mex.obj
 0001:0001fd20       sf_matrix_matrix_index_ok  0000000180020d20 f   sfc_mex:sfc_mex.obj
 0001:0001fdb0       sf_vector_vector_index_ok  0000000180020db0 f   sfc_mex:sfc_mex.obj
 0001:0001fde0       ssGetCurrentInputPortDimensions_wrapper 0000000180020de0 f   sfc_mex:sfc_mex.obj
 0001:0001fe00       ssGetCurrentOutputPortDimensions_wrapper 0000000180020e00 f   sfc_mex:sfc_mex.obj
 0001:0001fe20       sf_mex_emlrt_context_is_debug_mode 0000000180020e20 f   sfc_mex:sfc_mex.obj
 0001:0001fe30       sf_mex_emlrt_context_set_debug_mode 0000000180020e30 f   sfc_mex:sfc_mex.obj
 0001:0001fe40       sf_mex_emlrtNameCapturePostProcessR2012a 0000000180020e40 f   sfc_mex:sfc_mex.obj
 0001:0001feb0       sf_clear_error_manager_info 0000000180020eb0 f   sfc_mex:sfc_mex.obj
 0001:0001ff10       sf_mex_stop_simulation_abruptly_wo_error 0000000180020f10 f   sfc_mex:sfc_mex.obj
 0001:0001ff50       sf_mex_error_message       0000000180020f50 f   sfc_mex:sfc_mex.obj
 0001:0001ffb0       sf_react_to_error_in_matlab_call 0000000180020fb0 f   sfc_mex:sfc_mex.obj
 0001:0001ffe0       sf_mex_addfield            0000000180020fe0 f   sfc_mex:sfc_mex.obj
 0001:00020080       sf_mex_getfield            0000000180021080 f   sfc_mex:sfc_mex.obj
 0001:00020380       sf_mex_check_class         0000000180021380 f   sfc_mex:sfc_mex.obj
 0001:00020420       sf_mex_is_real             0000000180021420 f   sfc_mex:sfc_mex.obj
 0001:00020890       sf_mex_decode_encoded_mx_struct_array 0000000180021890 f   sfc_mex:sfc_mex.obj
 0001:00020b70       sf_mex_lw_bounds_check     0000000180021b70 f   sfc_mex:sfc_mex.obj
 0001:00020ba0       sf_mex_lw_size_eq_check_1d 0000000180021ba0 f   sfc_mex:sfc_mex.obj
 0001:00020bc0       sf_mex_lw_size_eq_check_nd 0000000180021bc0 f   sfc_mex:sfc_mex.obj
 0001:00020da0       sf_mex_lw_dim_size_eq_check 0000000180021da0 f   sfc_mex:sfc_mex.obj
 0001:00020dd0       sf_mex_lw_dim_size_geq_check 0000000180021dd0 f   sfc_mex:sfc_mex.obj
 0001:00020e00       sf_mex_lw_sub_assign_size_check_nd 0000000180021e00 f   sfc_mex:sfc_mex.obj
 0001:00021030       sf_mex_lw_runtime_error_msgid 0000000180022030 f   sfc_mex:sfc_mex.obj
 0001:00021120       sf_mex_lw_matrix_matrix_index_check 0000000180022120 f   sfc_mex:sfc_mex.obj
 0001:00021140       sf_mex_lw_vector_vector_index_check 0000000180022140 f   sfc_mex:sfc_mex.obj
 0001:00021180       sf_mex_lw_for_loop_vector_check 0000000180022180 f   sfc_mex:sfc_mex.obj
 0001:00021200       sf_mex_lw_non_negative_check 0000000180022200 f   sfc_mex:sfc_mex.obj
 0001:00021240       sf_mex_overflow_error      0000000180022240 f   sfc_mex:sfc_mex.obj
 0001:00021250       sf_mex_dividebyzero_error  0000000180022250 f   sfc_mex:sfc_mex.obj
 0001:00021260       sf_mex_unsafe_enum_error   0000000180022260 f   sfc_mex:sfc_mex.obj
 0001:00021270       sf_emlrtErrHandler         0000000180022270 f   sfc_mex:sfc_mex.obj
 0001:00021350       sf_mex_size_one_check      0000000180022350 f   sfc_mex:sfc_mex.obj
 0001:00021370       sf_mex_printf              0000000180022370 f   sfc_mex:sfc_mex.obj
 0001:00021540       sf_mex_check_size          0000000180022540 f   sfc_mex:sfc_mex.obj
 0001:00021810       sf_mex_check_struct        0000000180022810 f   sfc_mex:sfc_mex.obj
 0001:00021a70       sf_mex_check_struct_vs     0000000180022a70 f   sfc_mex:sfc_mex.obj
 0001:00021b00       sf_mex_check_fi            0000000180022b00 f   sfc_mex:sfc_mex.obj
 0001:00021c00       sf_mex_check_fi_vs         0000000180022c00 f   sfc_mex:sfc_mex.obj
 0001:00021ca0       sf_echo_expression         0000000180022ca0 f   sfc_mex:sfc_mex.obj
 0001:00021d00       sf_assertion_failed        0000000180022d00 f   sfc_mex:sfc_mex.obj
 0001:00021fe0       sf_mex_evalin              0000000180022fe0 f   sfc_mex:sfc_mex.obj
 0001:00022250       sf_mex_export              0000000180023250 f   sfc_mex:sfc_mex.obj
 0001:00022310       sf_mex_get_ml_var_no_error 0000000180023310 f   sfc_mex:sfc_mex.obj
 0001:000224b0       sf_mex_get_ml_var          00000001800234b0 f   sfc_mex:sfc_mex.obj
 0001:00022950       ml_set_element_value_in_array 0000000180023950 f   sfc_mex:sfc_mex.obj
 0001:00024020       sf_mex_call_impl           0000000180025020 f   sfc_mex:sfc_mex.obj
 0001:00024550       sf_mex_call_debug          0000000180025550 f   sfc_mex:sfc_mex.obj
 0001:00024580       sf_mex_call                0000000180025580 f   sfc_mex:sfc_mex.obj
 0001:00024bd0       sf_mex_createstruct        0000000180025bd0 f   sfc_mex:sfc_mex.obj
 0001:00024cc0       sf_mex_createstructarray   0000000180025cc0 f   sfc_mex:sfc_mex.obj
 0001:00024d40       sf_mex_get_mx_datatype_from_sf_datatype 0000000180025d40 f   sfc_mex:sfc_mex.obj
 0001:00025050       sf_mex_ml_var_sub          0000000180026050 f   sfc_mex:sfc_mex.obj
 0001:00025220       sf_mex_ml_var_subsasgn     0000000180026220 f   sfc_mex:sfc_mex.obj
 0001:00025610       sf_mex_sub                 0000000180026610 f   sfc_mex:sfc_mex.obj
 0001:00025810       sf_mex_subsasgn            0000000180026810 f   sfc_mex:sfc_mex.obj
 0001:00025cf0       sf_mex_create              0000000180026cf0 f   sfc_mex:sfc_mex.obj
 0001:00026740       sf_mex_import_named        0000000180027740 f   sfc_mex:sfc_mex.obj
 0001:000267a0       sf_mex_import              00000001800277a0 f   sfc_mex:sfc_mex.obj
 0001:000267f0       sf_mex_import_vs           00000001800277f0 f   sfc_mex:sfc_mex.obj
 0001:00026900       sf_mex_lower_fixpt_mx_array 0000000180027900 f   sfc_mex:sfc_mex.obj
 0001:00026bf0       sf_send_message_wrapper    0000000180027bf0 f   sfc_mex:sfc_sf.obj
 0001:00026c20       sf_receive_message_wrapper 0000000180027c20 f   sfc_mex:sfc_sf.obj
 0001:00026c60       sf_check_out_message_wrapper 0000000180027c60 f   sfc_mex:sfc_sf.obj
 0001:00026ca0       sf_check_in_message_wrapper 0000000180027ca0 f   sfc_mex:sfc_sf.obj
 0001:00026ce0       sf_no_message_wrapper      0000000180027ce0 f   sfc_mex:sfc_sf.obj
 0001:00027070       sim_mode_is_rtw_gen        0000000180028070 f   sfc_mex:sfc_sf.obj
 0001:000270a0       sim_mode_is_external       00000001800280a0 f   sfc_mex:sfc_sf.obj
 0001:000270b0       sim_mode_is_modelref_sim   00000001800280b0 f   sfc_mex:sfc_sf.obj
 0001:000270d0       mdlInitializeSizes         00000001800280d0 f   sfc_mex:sfc_sf.obj
 0001:000270f0       mdlInitializeSampleTimes   00000001800280f0 f   sfc_mex:sfc_sf.obj
 0001:00027130       mdlZeroCrossings           0000000180028130 f   sfc_mex:sfc_sf.obj
 0001:00027210       mdlDerivatives             0000000180028210 f   sfc_mex:sfc_sf.obj
 0001:000272c0       mdl_initialize_conditions_processing 00000001800282c0 f   sfc_mex:sfc_sf.obj
 0001:000272f0       mdlInitializeConditions    00000001800282f0 f   sfc_mex:sfc_sf.obj
 0001:000273b0       mdlGetSimState             00000001800283b0 f   sfc_mex:sfc_sf.obj
 0001:000273c0       mdlSetSimState             00000001800283c0 f   sfc_mex:sfc_sf.obj
 0001:000273d0       mdl_ext_mode_exec_processing 00000001800283d0 f   sfc_mex:sfc_sf.obj
 0001:000273f0       mdlExtModeExec             00000001800283f0 f   sfc_mex:sfc_sf.obj
 0001:00027580       mdlTerminate               0000000180028580 f   sfc_mex:sfc_sf.obj
 0001:000275f0       mdlRTW                     00000001800285f0 f   sfc_mex:sfc_sf.obj
 0001:00027620       mdlSetWorkWidths           0000000180028620 f   sfc_mex:sfc_sf.obj
 0001:00027630       mdlProcessParameters       0000000180028630 f   sfc_mex:sfc_sf.obj
 0001:00027640       mdl_start_processing       0000000180028640 f   sfc_mex:sfc_sf.obj
 0001:00027680       mdlStart                   0000000180028680 f   sfc_mex:sfc_sf.obj
 0001:00027770       mdlEnable                  0000000180028770 f   sfc_mex:sfc_sf.obj
 0001:00027840       mdlDisable                 0000000180028840 f   sfc_mex:sfc_sf.obj
 0001:000278f0       sf_get_chart_instance_ptr  00000001800288f0 f   sfc_mex:sfc_sf.obj
 0001:00027910       sf_load_rtw_optimization_info 0000000180028910 f   sfc_mex:sfc_sf.obj
 0001:000279e0       sf_rtw_info_uint_prop      00000001800289e0 f   sfc_mex:sfc_sf.obj
 0001:00027b20       sf_is_chart_inlinable      0000000180028b20 f   sfc_mex:sfc_sf.obj
 0001:00027b40       sf_mark_output_events_with_multiple_callers 0000000180028b40 f   sfc_mex:sfc_sf.obj
 0001:00027cd0       sf_mark_chart_reusable_outputs 0000000180028cd0 f   sfc_mex:sfc_sf.obj
 0001:00027f30       sf_mark_chart_expressionable_inputs 0000000180028f30 f   sfc_mex:sfc_sf.obj
 0001:00028190       sf_get_subchart_simstruct  0000000180029190 f   sfc_mex:sfc_sf.obj
 0001:000281e0       sf_get_fixpt_data_type_id  00000001800291e0 f   sfc_mex:sfc_sf.obj
 0001:00028220       sf_get_enum_data_type_id   0000000180029220 f   sfc_mex:sfc_sf.obj
 0001:00028260       sf_get_param_data_type_id  0000000180029260 f   sfc_mex:sfc_sf.obj
 0001:00028290       sf_mex_listen_for_ctrl_c_force 0000000180029290 f   sfc_mex:sfc_sf.obj
 0001:000283a0       sf_mex_draw_now            00000001800293a0 f   sfc_mex:sfc_sf.obj
 0001:000283e0       sf_mex_set_debugger_sim_status_listener_fcn 00000001800293e0 f   sfc_mex:sfc_sf.obj
 0001:000283f0       sf_mex_listen_for_ctrl_c   00000001800293f0 f   sfc_mex:sfc_sf.obj
 0001:00028480       sf_mex_get_sfun_param      0000000180029480 f   sfc_mex:sfc_sf.obj
 0001:000284d0       sf_get_runtime_param_data  00000001800294d0 f   sfc_mex:sfc_sf.obj
 0001:00028510       sf_call_output_fcn_call    0000000180029510 f   sfc_mex:sfc_sf.obj
 0001:00028650       sf_call_output_fcn_enable  0000000180029650 f   sfc_mex:sfc_sf.obj
 0001:000286e0       sf_call_output_fcn_disable 00000001800296e0 f   sfc_mex:sfc_sf.obj
 0001:00028770       sf_clear_rtw_identifier    0000000180029770 f   sfc_mex:sfc_sf.obj
 0001:00028f60       sf_set_encoded_dwork_info  0000000180029f60 f   sfc_mex:sfc_sf.obj
 0001:00028fb0       sf_get_dwork_info_from_mat_file 0000000180029fb0 f   sfc_mex:sfc_sf.obj
 0001:00029170       sf_set_rtw_dwork_info      000000018002a170 f   sfc_mex:sfc_sf.obj
 0001:000292e0       mdlOutputs                 000000018002a2e0 f   sfc_mex:sfc_sf.obj
 0001:00029480       sf_debug_disp              000000018002a480 f   sfc_debug:sfcdebug.obj
 0001:000296e0       sf_debug_data_runtime_size_mismatch_error_check 000000018002a6e0 f   sfc_debug:sfcdebug.obj
 0001:00029780       sf_debug_try_loading_machine 000000018002a780 f   sfc_debug:sfcdebug.obj
 0001:00029880       sf_debug_reset_current_state_configuration 000000018002a880 f   sfc_debug:sfcdebug.obj
 0001:00029910       sf_debug_store_current_state_configuration 000000018002a910 f   sfc_debug:sfcdebug.obj
 0001:000299a0       sf_debug_restore_previous_state_configuration 000000018002a9a0 f   sfc_debug:sfcdebug.obj
 0001:00029a30       sf_debug_restore_previous_state_configuration2 000000018002aa30 f   sfc_debug:sfcdebug.obj
 0001:00029ac0       sf_debug_get_event_scope   000000018002aac0 f   sfc_debug:sfcdebug.obj
 0001:00029c30       use_debugger_step_animation 000000018002ac30 f   sfc_debug:sfcdebug.obj
 0001:00029c50       sf_debug_get_script_id     000000018002ac50 f   sfc_debug:sfcdebug.obj
 0001:00029ce0       sf_debug_set_script_translation 000000018002ace0 f   sfc_debug:sfcdebug.obj
 0001:00029e60       sf_debug_extract_message_post_receive_info 000000018002ae60 f   sfc_debug:sfcdebug.obj
 0001:00029f60       sf_debug_get_current_machine_id 000000018002af60 f   sfc_debug:sfcdebug.obj
 0001:00029f80       sf_debug_get_current_optional_integer 000000018002af80 f   sfc_debug:sfcdebug.obj
 0001:00029f90       sf_debug_get_current_machine_number 000000018002af90 f   sfc_debug:sfcdebug.obj
 0001:00029fb0       sf_debug_get_current_machine_name 000000018002afb0 f   sfc_debug:sfcdebug.obj
 0001:00029fd0       sf_debug_get_current_chart_id 000000018002afd0 f   sfc_debug:sfcdebug.obj
 0001:0002a020       sf_debug_get_current_chart_number 000000018002b020 f   sfc_debug:sfcdebug.obj
 0001:0002a030       sf_debug_get_current_instance_number 000000018002b030 f   sfc_debug:sfcdebug.obj
 0001:0002a040       sf_debug_get_current_is_minor_time_step 000000018002b040 f   sfc_debug:sfcdebug.obj
 0001:0002a0c0       sf_debug_get_current_object_type 000000018002b0c0 f   sfc_debug:sfcdebug.obj
 0001:0002a0d0       sf_debug_get_current_instance_handle 000000018002b0d0 f   sfc_debug:sfcdebug.obj
 0001:0002a130       sf_debug_get_current_event_type 000000018002b130 f   sfc_debug:sfcdebug.obj
 0001:0002a140       sf_debug_get_current_object_id 000000018002b140 f   sfc_debug:sfcdebug.obj
 0001:0002a180       sf_debug_get_current_active_event_type 000000018002b180 f   sfc_debug:sfcdebug.obj
 0001:0002a190       sf_debug_get_current_active_event_id 000000018002b190 f   sfc_debug:sfcdebug.obj
 0001:0002a1d0       sf_debug_get_current_tag_type 000000018002b1d0 f   sfc_debug:sfcdebug.obj
 0001:0002a1e0       sf_debug_get_current_simulation_time 000000018002b1e0 f   sfc_debug:sfcdebug.obj
 0001:0002a1f0       sf_debug_get_current_coverage_percentage 000000018002b1f0 f   sfc_debug:sfcdebug.obj
 0001:0002a200       sf_debug_current_statement_context 000000018002b200 f   sfc_debug:sfcdebug.obj
 0001:0002a290       sf_debug_get_current_statement_info 000000018002b290 f   sfc_debug:sfcdebug.obj
 0001:0002a410       sf_debug_terminate_instance 000000018002b410 f   sfc_debug:sfcdebug.obj
 0001:0002a750       sf_debug_assertion_failed  000000018002b750 f   sfc_debug:sfcdebug.obj
 0001:0002a900       sf_debug_set_number_of_data_with_change_event_for_machine 000000018002b900 f   sfc_debug:sfcdebug.obj
 0001:0002a940       sf_debug_set_machine_event_thresholds 000000018002b940 f   sfc_debug:sfcdebug.obj
 0001:0002a960       sf_debug_set_machine_event_scope 000000018002b960 f   sfc_debug:sfcdebug.obj
 0001:0002a9a0       sf_debug_set_machine_data_thresholds 000000018002b9a0 f   sfc_debug:sfcdebug.obj
 0001:0002a9e0       sf_debug_set_machine_data_scope 000000018002b9e0 f   sfc_debug:sfcdebug.obj
 0001:0002aa70       sf_debug_set_machine_data_name 000000018002ba70 f   sfc_debug:sfcdebug.obj
 0001:0002ab10       sf_debug_set_machine_data_size 000000018002bb10 f   sfc_debug:sfcdebug.obj
 0001:0002ac50       sf_debug_set_machine_data_type 000000018002bc50 f   sfc_debug:sfcdebug.obj
 0001:0002adc0       sf_debug_get_chart_data_number 000000018002bdc0 f   sfc_debug:sfcdebug.obj
 0001:0002ade0       sf_debug_get_chart_event_number 000000018002bde0 f   sfc_debug:sfcdebug.obj
 0001:0002ae00       sf_debug_set_chart_state_info 000000018002be00 f   sfc_debug:sfcdebug.obj
 0001:0002ae80       sf_debug_set_chart_decomposition 000000018002be80 f   sfc_debug:sfcdebug.obj
 0001:0002aef0       sf_debug_set_chart_substate_count 000000018002bef0 f   sfc_debug:sfcdebug.obj
 0001:0002afd0       sf_debug_set_chart_substate_index 000000018002bfd0 f   sfc_debug:sfcdebug.obj
 0001:0002b040       sf_debug_set_chart_state_substate_count 000000018002c040 f   sfc_debug:sfcdebug.obj
 0001:0002b150       sf_debug_set_chart_state_substate_index 000000018002c150 f   sfc_debug:sfcdebug.obj
 0001:0002b1d0       sf_debug_set_number_of_data_with_change_event_for_chart 000000018002c1d0 f   sfc_debug:sfcdebug.obj
 0001:0002b250       sf_debug_set_number_of_states_with_entry_event_for_chart 000000018002c250 f   sfc_debug:sfcdebug.obj
 0001:0002b2c0       sf_debug_set_number_of_states_with_exit_event_for_chart 000000018002c2c0 f   sfc_debug:sfcdebug.obj
 0001:0002b330       sf_debug_set_chart_disable_implicit_casting 000000018002c330 f   sfc_debug:sfcdebug.obj
 0001:0002b3a0       sf_debug_set_chart_event_thresholds 000000018002c3a0 f   sfc_debug:sfcdebug.obj
 0001:0002b410       sf_debug_set_chart_data_compiled_props 000000018002c410 f   sfc_debug:sfcdebug.obj
 0001:0002b760       sf_debug_set_chart_data_props 000000018002c760 f   sfc_debug:sfcdebug.obj
 0001:0002ba80       sf_debug_check_fi_license  000000018002ca80 f   sfc_debug:sfcdebug.obj
 0001:0002bc70       sf_debug_symbol_scope_push 000000018002cc70 f   sfc_debug:sfcdebug.obj
 0001:0002bcb0       sf_debug_symbol_scope_push_eml 000000018002ccb0 f   sfc_debug:sfcdebug.obj
 0001:0002bd00       sf_debug_symbol_scope_pop  000000018002cd00 f   sfc_debug:sfcdebug.obj
 0001:0002bd40       sf_debug_symbol_scope_add_importable 000000018002cd40 f   sfc_debug:sfcdebug.obj
 0001:0002bdc0       sf_debug_symbol_scope_add  000000018002cdc0 f   sfc_debug:sfcdebug.obj
 0001:0002be40       sf_debug_symbol_scope_add_dyn_importable 000000018002ce40 f   sfc_debug:sfcdebug.obj
 0001:0002bf00       sf_debug_symbol_scope_add_dyn 000000018002cf00 f   sfc_debug:sfcdebug.obj
 0001:0002bf30       sf_debug_symbol_scope_add_eml_importable 000000018002cf30 f   sfc_debug:sfcdebug.obj
 0001:0002bf70       sf_debug_symbol_scope_add_eml 000000018002cf70 f   sfc_debug:sfcdebug.obj
 0001:0002bfb0       sf_debug_symbol_scope_add_eml_dyn_importable 000000018002cfb0 f   sfc_debug:sfcdebug.obj
 0001:0002c020       sf_debug_symbol_scope_add_eml_dyn 000000018002d020 f   sfc_debug:sfcdebug.obj
 0001:0002c080       sf_debug_symbol_switch     000000018002d080 f   sfc_debug:sfcdebug.obj
 0001:0002c0a0       sf_debug_symbol_scope_add_verbose 000000018002d0a0 f   sfc_debug:sfcdebug.obj
 0001:0002c170       sf_debug_set_machine_data_value_ptr 000000018002d170 f   sfc_debug:sfcdebug.obj
 0001:0002c1b0       sf_debug_set_instance_data_value_ptr 000000018002d1b0 f   sfc_debug:sfcdebug.obj
 0001:0002c270       sf_debug_unset_instance_data_value_ptr 000000018002d270 f   sfc_debug:sfcdebug.obj
 0001:0002c320       sf_debug_set_chart_event_scope 000000018002d320 f   sfc_debug:sfcdebug.obj
 0001:0002c3a0       sf_debug_set_chart_transition_coverage_maps 000000018002d3a0 f   sfc_debug:sfcdebug.obj
 0001:0002c4b0       sf_debug_set_chart_state_coverage_maps 000000018002d4b0 f   sfc_debug:sfcdebug.obj
 0001:0002c590       sf_debug_set_instance_transition_coverage_weights 000000018002d590 f   sfc_debug:sfcdebug.obj
 0001:0002c630       sf_debug_set_instance_state_coverage_weights 000000018002d630 f   sfc_debug:sfcdebug.obj
 0001:0002c880       sf_debug_unload_machine    000000018002d880 f   sfc_debug:sfcdebug.obj
 0001:0002c8d0       sf_debug_load_machine      000000018002d8d0 f   sfc_debug:sfcdebug.obj
 0001:0002c9d0       sf_debug_set_active_instance_in_data_dictionary 000000018002d9d0 f   sfc_debug:sfcdebug.obj
 0001:0002cbb0       sf_debug_set_active_instance 000000018002dbb0 f   sfc_debug:sfcdebug.obj
 0001:0002ccf0       sf_debug_chart_visiblity_change 000000018002dcf0 f   sfc_debug:sfcdebug.obj
 0001:0002cdd0       sf_debug_select_chart      000000018002ddd0 f   sfc_debug:sfcdebug.obj
 0001:0002cea0       sf_debug_set_instance_cv_ids 000000018002dea0 f   sfc_debug:sfcdebug.obj
 0001:0002d1b0       sf_debug_select_charts     000000018002e1b0 f   sfc_debug:sfcdebug.obj
 0001:0002d2f0       sf_debug_initialized       000000018002e2f0 f   sfc_debug:sfcdebug.obj
 0001:0002d300       sf_debug_is_uninterruptible 000000018002e300 f   sfc_debug:sfcdebug.obj
 0001:0002d330       sf_debug_initialize_debugger_gui 000000018002e330 f   sfc_debug:sfcdebug.obj
 0001:0002d720       sf_debug_resume            000000018002e720 f   sfc_debug:sfcdebug.obj
 0001:0002d740       sf_debug_go                000000018002e740 f   sfc_debug:sfcdebug.obj
 0001:0002d750       sf_debug_break             000000018002e750 f   sfc_debug:sfcdebug.obj
 0001:0002d760       sf_debug_step_over         000000018002e760 f   sfc_debug:sfcdebug.obj
 0001:0002d770       sf_debug_step_out          000000018002e770 f   sfc_debug:sfcdebug.obj
 0001:0002d780       sf_debug_set_disable_all_breakpoints 000000018002e780 f   sfc_debug:sfcdebug.obj
 0001:0002d790       sf_debug_disable_all_breakpoints_and_go 000000018002e790 f   sfc_debug:sfcdebug.obj
 0001:0002d7a0       sf_debug_break_on_chart_entry 000000018002e7a0 f   sfc_debug:sfcdebug.obj
 0001:0002d7b0       sf_debug_break_on_event_broadcast 000000018002e7b0 f   sfc_debug:sfcdebug.obj
 0001:0002d7c0       sf_debug_break_on_state_entry 000000018002e7c0 f   sfc_debug:sfcdebug.obj
 0001:0002d7d0       sf_debug_break_between_times 000000018002e7d0 f   sfc_debug:sfcdebug.obj
 0001:0002d7f0       sf_debug_browse_data       000000018002e7f0 f   sfc_debug:sfcdebug.obj
 0001:0002d810       sf_debug_watch_data        000000018002e810 f   sfc_debug:sfcdebug.obj
 0001:0002d830       sf_debug_assign_data       000000018002e830 f   sfc_debug:sfcdebug.obj
 0001:0002d850       sf_debug_whos              000000018002e850 f   sfc_debug:sfcdebug.obj
 0001:0002d870       sf_debug_get_consistency_info 000000018002e870 f   sfc_debug:sfcdebug.obj
 0001:0002d880       sf_debug_browse_trace      000000018002e880 f   sfc_debug:sfcdebug.obj
 0001:0002d890       sf_debug_set_breakpoints   000000018002e890 f   sfc_debug:sfcdebug.obj
 0001:0002d9f0       sf_debug_set_eml_breakpoints 000000018002e9f0 f   sfc_debug:sfcdebug.obj
 0001:0002db50       sf_debug_set_script_breakpoints 000000018002eb50 f   sfc_debug:sfcdebug.obj
 0001:0002dbd0       sf_debug_add_script_breakpoints 000000018002ebd0 f   sfc_debug:sfcdebug.obj
 0001:0002dc40       sf_debug_clear_script_breakpoints 000000018002ec40 f   sfc_debug:sfcdebug.obj
 0001:0002dcb0       sf_debug_query_script_breakpoints 000000018002ecb0 f   sfc_debug:sfcdebug.obj
 0001:0002dd70       sf_debug_get_eml_script_id 000000018002ed70 f   sfc_debug:sfcdebug.obj
 0001:0002ddc0       sf_debug_set_watch         000000018002edc0 f   sfc_debug:sfcdebug.obj
 0001:0002dff0       sf_debug_get_instance_handle 000000018002eff0 f   sfc_debug:sfcdebug.obj
 0001:0002e080       sf_debug_get_active_states 000000018002f080 f   sfc_debug:sfcdebug.obj
 0001:0002e090       sf_debug_get_animation     000000018002f090 f   sfc_debug:sfcdebug.obj
 0001:0002e0a0       sf_debug_set_animation     000000018002f0a0 f   sfc_debug:sfcdebug.obj
 0001:0002e0b0       sf_debug_animate           000000018002f0b0 f   sfc_debug:sfcdebug.obj
 0001:0002e0e0       sf_debug_cycle_detection_check 000000018002f0e0 f   sfc_debug:sfcdebug.obj
 0001:0002e0f0       sf_debug_data_range_check  000000018002f0f0 f   sfc_debug:sfcdebug.obj
 0001:0002e100       sf_debug_transition_conflict_check 000000018002f100 f   sfc_debug:sfcdebug.obj
 0001:0002e110       sf_debug_state_consistency_check 000000018002f110 f   sfc_debug:sfcdebug.obj
 0001:0002e120       sf_debug_data_range_check_enabled 000000018002f120 f   sfc_debug:sfcdebug.obj
 0001:0002e140       sf_debug_transition_conflict_check_enabled 000000018002f140 f   sfc_debug:sfcdebug.obj
 0001:0002e160       sf_debug_transition_conflict_check_begin 000000018002f160 f   sfc_debug:sfcdebug.obj
 0001:0002e180       sf_debug_transition_conflict_check_end 000000018002f180 f   sfc_debug:sfcdebug.obj
 0001:0002e1a0       sf_debug_stop_debugging    000000018002f1a0 f   sfc_debug:sfcdebug.obj
 0001:0002e1d0       sf_debug_is_cycle_detected 000000018002f1d0 f   sfc_debug:sfcdebug.obj
 0001:0002e1e0       sf_debug_is_array_bounds_detected 000000018002f1e0 f   sfc_debug:sfcdebug.obj
 0001:0002e1f0       sf_debug_get_state_vectors_data_size 000000018002f1f0 f   sfc_debug:sfcdebug.obj
 0001:0002e230       sf_debug_get_state_vectors_data 000000018002f230 f   sfc_debug:sfcdebug.obj
 0001:0002e330       sf_debug_set_state_vectors_data 000000018002f330 f   sfc_debug:sfcdebug.obj
 0001:0002e5f0       sf_debug_get_script_index  000000018002f5f0 f   sfc_debug:sfcdebug.obj
 0001:0002e780       sf_debug_add_script        000000018002f780 f   sfc_debug:sfcdebug.obj
 0001:0002e910       cv_eval_point              000000018002f910 f   sfc_debug:sfcdebug.obj
 0001:0002ea80       cv_eval_testobjective      000000018002fa80 f   sfc_debug:sfcdebug.obj
 0001:0002eba0       sf_debug_cv_init_state     000000018002fba0 f   sfc_debug:sfcdebug.obj
 0001:0002ecc0       sf_debug_cv_init_chart     000000018002fcc0 f   sfc_debug:sfcdebug.obj
 0001:0002eda0       sf_debug_cv_init_trans     000000018002fda0 f   sfc_debug:sfcdebug.obj
 0001:0002eea0       sf_debug_cv_init_testobjectives 000000018002fea0 f   sfc_debug:sfcdebug.obj
 0001:0002f080       cv_eml_init_script         0000000180030080 f   sfc_debug:sfcdebug.obj
 0001:0002f180       cv_eml_init_fcn            0000000180030180 f   sfc_debug:sfcdebug.obj
 0001:0002f230       cv_eml_init_testobjective  0000000180030230 f   sfc_debug:sfcdebug.obj
 0001:0002f300       cv_eml_init_if             0000000180030300 f   sfc_debug:sfcdebug.obj
 0001:0002f3d0       cv_eml_init_for            00000001800303d0 f   sfc_debug:sfcdebug.obj
 0001:0002f490       cv_eml_init_while          0000000180030490 f   sfc_debug:sfcdebug.obj
 0001:0002f550       cv_eml_init_mcdc           0000000180030550 f   sfc_debug:sfcdebug.obj
 0001:0002f660       cv_eml_init_switch         0000000180030660 f   sfc_debug:sfcdebug.obj
 0001:0002f750       cv_eml_eval                0000000180030750 f   sfc_debug:sfcdebug.obj
 0001:0002f830       sf_debug_bm_is_a_eml_breakpoint 0000000180030830 f   sfc_debug:sfcdebug.obj
 0001:0002f980       sf_debug_temporal_threshold 0000000180030980 f   sfc_debug:sfcdebug.obj
 0001:0002fce0       sf_debug_transition_conflict_error 0000000180030ce0 f   sfc_debug:sfcdebug.obj
 0001:00030060       sf_debug_state_inconsistency_error 0000000180031060 f   sfc_debug:sfcdebug.obj
 0001:00030180       sf_debug_check_for_state_inconsistency 0000000180031180 f   sfc_debug:sfcdebug.obj
 0001:000301b0       sf_debug_cycle_detecton_error 00000001800311b0 f   sfc_debug:sfcdebug.obj
 0001:000309a0       sf_debug_size_eq_check_1d  00000001800319a0 f   sfc_debug:sfcdebug.obj
 0001:000309c0       sf_debug_size_eq_check_nd  00000001800319c0 f   sfc_debug:sfcdebug.obj
 0001:00030ba0       sf_debug_dim_size_eq_check 0000000180031ba0 f   sfc_debug:sfcdebug.obj
 0001:00030bd0       sf_debug_dim_size_geq_check 0000000180031bd0 f   sfc_debug:sfcdebug.obj
 0001:00030c00       sf_debug_sub_assign_size_check_nd 0000000180031c00 f   sfc_debug:sfcdebug.obj
 0001:00030e40       sf_debug_matrix_matrix_index_check 0000000180031e40 f   sfc_debug:sfcdebug.obj
 0001:00030e70       sf_debug_vector_vector_index_check 0000000180031e70 f   sfc_debug:sfcdebug.obj
 0001:00030ea0       sf_debug_for_loop_vector_check 0000000180031ea0 f   sfc_debug:sfcdebug.obj
 0001:00030f20       sf_debug_runtime_error_msgid 0000000180031f20 f   sfc_debug:sfcdebug.obj
 0001:00030fb0       sf_debug_data_array_bounds_error_check 0000000180031fb0 f   sfc_debug:sfcdebug.obj
 0001:000310c0       sf_debug_eml_data_array_bounds_error_check 00000001800320c0 f   sfc_debug:sfcdebug.obj
 0001:000315a0       sf_debug_integer_check     00000001800325a0 f   sfc_debug:sfcdebug.obj
 0001:00031680       sf_debug_not_nan_check     0000000180032680 f   sfc_debug:sfcdebug.obj
 0001:00031740       sf_debug_non_negative_check 0000000180032740 f   sfc_debug:sfcdebug.obj
 0001:00031800       sf_debug_overflow_detection 0000000180032800 f   sfc_debug:sfcdebug.obj
 0001:00031ef0       sf_debug_cast_to_real32_T  0000000180032ef0 f   sfc_debug:sfcdebug.obj
 0001:00031fb0       sf_debug_cast_to_int8_T    0000000180032fb0 f   sfc_debug:sfcdebug.obj
 0001:00032070       sf_debug_cast_to_uint8_T   0000000180033070 f   sfc_debug:sfcdebug.obj
 0001:00032130       sf_debug_cast_to_int16_T   0000000180033130 f   sfc_debug:sfcdebug.obj
 0001:000321f0       sf_debug_cast_to_uint16_T  00000001800331f0 f   sfc_debug:sfcdebug.obj
 0001:000322b0       sf_debug_cast_to_int32_T   00000001800332b0 f   sfc_debug:sfcdebug.obj
 0001:00032370       sf_debug_cast_to_uint32_T  0000000180033370 f   sfc_debug:sfcdebug.obj
 0001:00032430       sf_debug_data_range_error  0000000180033430 f   sfc_debug:sfcdebug.obj
 0001:00032780       sf_debug_read_before_write_check 0000000180033780 f   sfc_debug:sfcdebug.obj
 0001:00032b70       sf_debug_data_range_error_wrapper_min_max 0000000180033b70 f   sfc_debug:sfcdebug.obj
 0001:00032c60       sf_debug_data_range_error_wrapper_min 0000000180033c60 f   sfc_debug:sfcdebug.obj
 0001:00032d40       sf_debug_data_range_error_wrapper_max 0000000180033d40 f   sfc_debug:sfcdebug.obj
 0001:00032e20       sf_debug_data_range_wrapper 0000000180033e20 f   sfc_debug:sfcdebug.obj
 0001:00032ed0       sf_debug_set_current_status_info 0000000180033ed0 f   sfc_debug:sfcdebug.obj
 0001:00033280       sf_debug_register_message_post_receive_info 0000000180034280 f   sfc_debug:sfcdebug.obj
 0001:000334f0       sf_debug_call              00000001800344f0 f   sfc_debug:sfcdebug.obj
 0001:000343b0       sf_debug_initialize_machine 00000001800353b0 f   sfc_debug:sfcdebug.obj
 0001:000346c0       sf_debug_initialize_chart  00000001800356c0 f   sfc_debug:sfcdebug.obj
 0001:00034ba0       sf_debug_ensure_script     0000000180035ba0 f   sfc_debug:sfcdebug.obj
 0001:00034c60       cv_script_init_script      0000000180035c60 f   sfc_debug:sfcdebug.obj
 0001:00034d40       cv_script_init_fcn         0000000180035d40 f   sfc_debug:sfcdebug.obj
 0001:00034df0       cv_script_init_testobjective 0000000180035df0 f   sfc_debug:sfcdebug.obj
 0001:00034ea0       cv_script_init_if          0000000180035ea0 f   sfc_debug:sfcdebug.obj
 0001:00034f50       cv_script_init_for         0000000180035f50 f   sfc_debug:sfcdebug.obj
 0001:00035000       cv_script_init_while       0000000180036000 f   sfc_debug:sfcdebug.obj
 0001:000350b0       cv_script_init_mcdc        00000001800360b0 f   sfc_debug:sfcdebug.obj
 0001:000351b0       cv_script_init_switch      00000001800361b0 f   sfc_debug:sfcdebug.obj
 0001:00035290       cv_script_eval             0000000180036290 f   sfc_debug:sfcdebug.obj
 0001:00035370       eml_debug_line_call        0000000180036370 f   sfc_debug:sfcdebug.obj
 0001:00035520       sf_debug_terminate         0000000180036520 f   sfc_debug:sfcdebug.obj
 0001:00035690       sf_debug_set_script_cv_ids 0000000180036690 f   sfc_debug:sfcdebug.obj
 0001:000357c0       sf_debug_api               00000001800367c0 f   sfc_debug:sfc_api.obj
 0001:00036fa0       sf_debug_sm_terminate      0000000180037fa0 f   sfc_debug:sfdb_animation.obj
 0001:00037160       sf_debug_reset_path_objects 0000000180038160 f   sfc_debug:sfdb_animation.obj
 0001:000371e0       sf_debug_sm_reset_object_selection_status 00000001800381e0 f   sfc_debug:sfdb_animation.obj
 0001:00037280       sf_debug_sm_reset_state_buffer 0000000180038280 f   sfc_debug:sfdb_animation.obj
 0001:00037350       sf_debug_sm_store_state_buffer 0000000180038350 f   sfc_debug:sfdb_animation.obj
 0001:000373d0       sf_debug_sm_restore_state_buffer1 00000001800383d0 f   sfc_debug:sfdb_animation.obj
 0001:00037440       sf_debug_sm_restore_state_buffer2 0000000180038440 f   sfc_debug:sfdb_animation.obj
 0001:000374b0       sf_debug_sm_chart_active   00000001800384b0 f   sfc_debug:sfdb_animation.obj
 0001:00037500       sf_debug_sm_select_active_objects 0000000180038500 f   sfc_debug:sfdb_animation.obj
 0001:000379b0       sf_debug_sm_is_chart_active 00000001800389b0 f   sfc_debug:sfdb_animation.obj
 0001:000379f0       sf_debug_sm_is_state_active 00000001800389f0 f   sfc_debug:sfdb_animation.obj
 0001:00037c30       sf_debug_sm_get_active_states 0000000180038c30 f   sfc_debug:sfdb_animation.obj
 0001:000381f0       sf_debug_sm_initialize_instance 00000001800391f0 f   sfc_debug:sfdb_animation.obj
 0001:00038440       sf_debug_sm_change_object_selection_status 0000000180039440 f   sfc_debug:sfdb_animation.obj
 0001:00038730       cv_create_interface        0000000180039730 f   sfc_debug:cv_sfinterface.obj
 0001:00038a90       cv_init_trans              0000000180039a90 f   sfc_debug:cv_sfinterface.obj
 0001:00038ae0       cv_init_testobjective      0000000180039ae0 f   sfc_debug:cv_sfinterface.obj
 0001:00038b20       cv_init_state              0000000180039b20 f   sfc_debug:cv_sfinterface.obj
 0001:00038b90       cv_init_chart              0000000180039b90 f   sfc_debug:cv_sfinterface.obj
 0001:00038be0       cv_dec_update_call         0000000180039be0 f   sfc_debug:cv_sfinterface.obj
 0001:00038c20       cv_cond_update_call        0000000180039c20 f   sfc_debug:cv_sfinterface.obj
 0001:00038c60       cv_testobjective_update_call 0000000180039c60 f   sfc_debug:cv_sfinterface.obj
 0001:00038ca0       cv_sigrange_update         0000000180039ca0 f   sfc_debug:cv_sfinterface.obj
 0001:00038ce0       cvsf_eml_eval              0000000180039ce0 f   sfc_debug:cv_sfinterface.obj
 0001:00038dc0       cvsf_eml_init_script       0000000180039dc0 f   sfc_debug:cv_sfinterface.obj
 0001:00038e40       cvsf_eml_init_fcn          0000000180039e40 f   sfc_debug:cv_sfinterface.obj
 0001:00038ea0       cvsf_eml_init_testobjective 0000000180039ea0 f   sfc_debug:cv_sfinterface.obj
 0001:00038f00       cvsf_eml_init_if           0000000180039f00 f   sfc_debug:cv_sfinterface.obj
 0001:00038f60       cvsf_eml_init_for          0000000180039f60 f   sfc_debug:cv_sfinterface.obj
 0001:00038fb0       cvsf_eml_init_while        0000000180039fb0 f   sfc_debug:cv_sfinterface.obj
 0001:00039000       cvsf_eml_init_mcdc         000000018003a000 f   sfc_debug:cv_sfinterface.obj
 0001:00039090       cvsf_eml_init_switch       000000018003a090 f   sfc_debug:cv_sfinterface.obj
 0001:00039100       cvsf_script_eval           000000018003a100 f   sfc_debug:cv_sfinterface.obj
 0001:000391e0       cvsf_script_init_script    000000018003a1e0 f   sfc_debug:cv_sfinterface.obj
 0001:00039260       cvsf_script_init_fcn       000000018003a260 f   sfc_debug:cv_sfinterface.obj
 0001:000392c0       cvsf_script_init_testobjective 000000018003a2c0 f   sfc_debug:cv_sfinterface.obj
 0001:00039320       cvsf_script_init_if        000000018003a320 f   sfc_debug:cv_sfinterface.obj
 0001:00039380       cvsf_script_init_for       000000018003a380 f   sfc_debug:cv_sfinterface.obj
 0001:000393d0       cvsf_script_init_while     000000018003a3d0 f   sfc_debug:cv_sfinterface.obj
 0001:00039420       cvsf_script_init_mcdc      000000018003a420 f   sfc_debug:cv_sfinterface.obj
 0001:000394b0       cvsf_script_init_switch    000000018003a4b0 f   sfc_debug:cv_sfinterface.obj
 0001:00039520       cv_destroy_interface       000000018003a520 f   sfc_debug:cv_sfinterface.obj
 0001:00039540       cv_create_instance_objects 000000018003a540 f   sfc_debug:cv_sfinterface.obj
 0001:000399f0       cv_is_enabled              000000018003a9f0 f   sfc_debug:cv_sfinterface.obj
 0001:00039a00       sf_debug_cv_initialize_script 000000018003aa00 f   sfc_debug:cv_sfinterface.obj
 0001:00039bb0       sf_debug_cv_initialize_instance 000000018003abb0 f   sfc_debug:cv_sfinterface.obj
 0001:00039f50       sf_debug_cv_terminate_chart 000000018003af50 f   sfc_debug:cv_sfinterface.obj
 0001:0003a090       cv_call_trans_test         000000018003b090 f   sfc_debug:cv_sfinterface.obj
 0001:0003a0a0       cv_call_sub_cond_test      000000018003b0a0 f   sfc_debug:cv_sfinterface.obj
 0001:0003a0e0       sf_debug_st_initialize_machine 000000018003b0e0 f   sfc_debug:sfdb_data_browse.obj
 0001:0003a1a0       sf_debug_st_initialize_instance 000000018003b1a0 f   sfc_debug:sfdb_data_browse.obj
 0001:0003a3d0       sf_debug_st_terminate      000000018003b3d0 f   sfc_debug:sfdb_data_browse.obj
 0001:0003a770       sf_debug_st_set_data_value_ptr_in_machine 000000018003b770 f   sfc_debug:sfdb_data_browse.obj
 0001:0003a800       sf_debug_st_set_data_value_ptr_in_instance 000000018003b800 f   sfc_debug:sfdb_data_browse.obj
 0001:0003a8e0       sf_debug_st_unset_data_value_ptr_in_machine 000000018003b8e0 f   sfc_debug:sfdb_data_browse.obj
 0001:0003a950       sf_debug_st_unset_data_value_ptr_in_instance 000000018003b950 f   sfc_debug:sfdb_data_browse.obj
 0001:0003ac60       sf_debug_mx_value          000000018003bc60 f   sfc_debug:sfdb_data_browse.obj
 0001:0003acc0       sf_debug_mx_packed_vector  000000018003bcc0 f   sfc_debug:sfdb_data_browse.obj
 0001:0003ada0       sf_debug_mx_uint_vector    000000018003bda0 f   sfc_debug:sfdb_data_browse.obj
 0001:0003ae60       sf_debug_st_get_double_value_from_void_ptr_vector 000000018003be60 f   sfc_debug:sfdb_data_browse.obj
 0001:0003b950       sf_debug_st_browse_data    000000018003c950 f   sfc_debug:sfdb_data_browse.obj
 0001:0003c1e0       sf_debug_hm_initialize_instance 000000018003d1e0 f   sfc_debug:sfdb_handle_management.obj
 0001:0003c760       sf_debug_hm_get_object_id  000000018003d760 f   sfc_debug:sfdb_handle_management.obj
 0001:0003e6d0       sf_debug_object_is_eml_function 000000018003f6d0 f   sfc_debug:sfdb_handle_management.obj
 0001:0003e740       sf_debug_hm_initialize_ids_in_machine 000000018003f740 f   sfc_debug:sfdb_handle_management.obj
 0001:0003e8b0       sf_debug_hm_initialize_ids_in_chart 000000018003f8b0 f   sfc_debug:sfdb_handle_management.obj
 0001:0003e9f0       sf_debug_hm_initialize_chart 000000018003f9f0 f   sfc_debug:sfdb_handle_management.obj
 0001:0003f1a0       sf_debug_hm_terminate      00000001800401a0 f   sfc_debug:sfdb_handle_management.obj
 0001:0003f200       sf_debug_hm_initialize_machine 0000000180040200 f   sfc_debug:sfdb_handle_management.obj
 0001:0003f9b0       sf_debug_ss_initialize     00000001800409b0 f   sfc_debug:sfdb_symbol_scope.obj
 0001:0003f9d0       sf_debug_ss_terminate      00000001800409d0 f   sfc_debug:sfdb_symbol_scope.obj
 0001:0003fa60       sf_debug_ss_push_symbol_scope 0000000180040a60 f   sfc_debug:sfdb_symbol_scope.obj
 0001:0003fb60       sf_debug_ss_push_symbol_scope_eml 0000000180040b60 f   sfc_debug:sfdb_symbol_scope.obj
 0001:0003fbc0       sf_debug_ss_pop_symbol_scope 0000000180040bc0 f   sfc_debug:sfdb_symbol_scope.obj
 0001:0003fc70       sf_debug_ss_add_symbol     0000000180040c70 f   sfc_debug:sfdb_symbol_scope.obj
 0001:0003fdd0       sf_debug_ss_add_symbol_eml 0000000180040dd0 f   sfc_debug:sfdb_symbol_scope.obj
 0001:00040ab0       sf_debug_ss_set_data_value 0000000180041ab0 f   sfc_debug:sfdb_symbol_scope.obj
 0001:00040f50       sf_debug_ss_watch_data     0000000180041f50 f   sfc_debug:sfdb_symbol_scope.obj
 0001:00040ff0       sf_debug_ss_assign_data    0000000180041ff0 f   sfc_debug:sfdb_symbol_scope.obj
 0001:000419f0       get_data_entry_name        00000001800429f0 f   sfc_debug:sfdb_symbol_scope.obj
 0001:00041a40       sf_debug_ss_whos           0000000180042a40 f   sfc_debug:sfdb_symbol_scope.obj
 0001:00042150       sf_debug_cc_initialize_chart 0000000180043150 f   sfc_debug:sfdb_coverage.obj
 0001:00042b40       sf_debug_cc_initialize_instance 0000000180043b40 f   sfc_debug:sfdb_coverage.obj
 0001:00043940       sf_debug_cc_terminate      0000000180044940 f   sfc_debug:sfdb_coverage.obj
 0001:00043a30       sf_debug_cc_set_transition_maps 0000000180044a30 f   sfc_debug:sfdb_coverage.obj
 0001:00043b60       sf_debug_cc_set_state_maps 0000000180044b60 f   sfc_debug:sfdb_coverage.obj
 0001:00043c40       sf_debug_cc_set_transition_weights 0000000180044c40 f   sfc_debug:sfdb_coverage.obj
 0001:00043f10       sf_debug_cc_set_state_weights 0000000180044f10 f   sfc_debug:sfdb_coverage.obj
 0001:000441e0       sf_debug_cc_mark_transition_guard 00000001800451e0 f   sfc_debug:sfdb_coverage.obj
 0001:00044270       sf_debug_cc_mark_transition_trigger 0000000180045270 f   sfc_debug:sfdb_coverage.obj
 0001:00044300       sf_debug_cc_mark_transition_decision 0000000180045300 f   sfc_debug:sfdb_coverage.obj
 0001:00044370       sf_debug_cc_mark_transition_condition_action 0000000180045370 f   sfc_debug:sfdb_coverage.obj
 0001:000443c0       sf_debug_cc_mark_transition_transition_action 00000001800453c0 f   sfc_debug:sfdb_coverage.obj
 0001:00044410       sf_debug_cc_mark_state_entry 0000000180045410 f   sfc_debug:sfdb_coverage.obj
 0001:00044460       sf_debug_cc_mark_state_during 0000000180045460 f   sfc_debug:sfdb_coverage.obj
 0001:000444b0       sf_debug_cc_mark_state_exit 00000001800454b0 f   sfc_debug:sfdb_coverage.obj
 0001:00044500       sf_debug_bm_clear_script_breakpoints 0000000180045500 f   sfc_debug:sfdb_breakpoints.obj
 0001:00044530       sf_debug_bm_set_script_breakpoint 0000000180045530 f   sfc_debug:sfdb_breakpoints.obj
 0001:000445b0       sf_debug_bm_clear_single_script_breakpoint 00000001800455b0 f   sfc_debug:sfdb_breakpoints.obj
 0001:00044630       sf_debug_bm_query_script_breakpoint 0000000180045630 f   sfc_debug:sfdb_breakpoints.obj
 0001:00044680       sf_debug_bm_initialize_scripts 0000000180045680 f   sfc_debug:sfdb_breakpoints.obj
 0001:00044da0       sf_debug_bm_terminate      0000000180045da0 f   sfc_debug:sfdb_breakpoints.obj
 0001:00045090       sf_debug_bm_remove_all_breakpoints_in_machine 0000000180046090 f   sfc_debug:sfdb_breakpoints.obj
 0001:00045100       sf_debug_bm_remove_all_breakpoints_in_chart 0000000180046100 f   sfc_debug:sfdb_breakpoints.obj
 0001:00045250       sf_debug_bm_initialize_global_breakpoints 0000000180046250 f   sfc_debug:sfdb_breakpoints.obj
 0001:000453d0       sf_debug_bm_set_breakpoint 00000001800463d0 f   sfc_debug:sfdb_breakpoints.obj
 0001:00045a00       sf_debug_bm_set_eml_breakpoint 0000000180046a00 f   sfc_debug:sfdb_breakpoints.obj
 0001:00045aa0       sf_debug_bm_initialize_machine_breakpoint_map 0000000180046aa0 f   sfc_debug:sfdb_breakpoints.obj
 0001:00045ec0       sf_debug_bm_is_a_breakpoint 0000000180046ec0 f   sfc_debug:sfdb_breakpoints.obj
 0001:000463e0       sf_debug_bm_get_all_breakpoints_in_machine 00000001800473e0 f   sfc_debug:sfdb_breakpoints.obj
 0001:000466e0       sf_debug_bm_get_all_breakpoints_in_chart 00000001800476e0 f   sfc_debug:sfdb_breakpoints.obj
 0001:000473a0       sf_debug_bm_initialize_machine 00000001800483a0 f   sfc_debug:sfdb_breakpoints.obj
 0001:00047470       sf_debug_bm_initialize_chart 0000000180048470 f   sfc_debug:sfdb_breakpoints.obj
 0001:00047890       sf_debug_sc_terminate      0000000180048890 f   sfc_debug:sfdb_state_consistency.obj
 0001:00047bc0       sf_debug_sc_is_chart_consistent 0000000180048bc0 f   sfc_debug:sfdb_state_consistency.obj
 0001:00047e70       sf_debug_sc_get_consistency_error_info 0000000180048e70 f   sfc_debug:sfdb_state_consistency.obj
 0001:000482c0       sf_debug_tm_terminate      00000001800492c0 f   sfc_debug:sfdb_call_stack.obj
 0001:00048380       sf_debug_tm_push_chart_instance 0000000180049380 f   sfc_debug:sfdb_call_stack.obj
 0001:000484d0       sf_debug_tm_pop_chart_instance 00000001800494d0 f   sfc_debug:sfdb_call_stack.obj
 0001:00048530       sf_debug_tm_push_trace_node 0000000180049530 f   sfc_debug:sfdb_call_stack.obj
 0001:000486c0       sf_debug_tm_pop_trace_node 00000001800496c0 f   sfc_debug:sfdb_call_stack.obj
 0001:00048740       sf_debug_tm_get_current_global_trace_index 0000000180049740 f   sfc_debug:sfdb_call_stack.obj
 0001:00048750       sf_debug_tm_get_current_local_trace_index 0000000180049750 f   sfc_debug:sfdb_call_stack.obj
 0001:00048780       sf_debug_tm_set_cycle_detected_flag 0000000180049780 f   sfc_debug:sfdb_call_stack.obj
 0001:000487c0       sf_debug_tm_set_cycle_started_flag 00000001800497c0 f   sfc_debug:sfdb_call_stack.obj
 0001:00048800       sf_debug_tm_get_chart_number_from_stack 0000000180049800 f   sfc_debug:sfdb_call_stack.obj
 0001:00048a00       sf_debug_tm_browse_trace   0000000180049a00 f   sfc_debug:sfdb_call_stack.obj
 0001:00048d40       sf_debug_cd_initialize_instance 0000000180049d40 f   sfc_debug:sfdb_cycle_detection.obj
 0001:00048ff0       sf_debug_cd_mark_processed_transition_in_instance 0000000180049ff0 f   sfc_debug:sfdb_cycle_detection.obj
 0001:00049090       sf_debug_cd_checksum_push  000000018004a090 f   sfc_debug:sfdb_cycle_detection.obj
 0001:00049350       sf_debug_cd_checksum_pop   000000018004a350 f   sfc_debug:sfdb_cycle_detection.obj
 0001:000493c0       sf_debug_cd_turn_off_cycle_detection 000000018004a3c0 f   sfc_debug:sfdb_cycle_detection.obj
 0001:00049410       sf_debug_cd_terminate      000000018004a410 f   sfc_debug:sfdb_cycle_detection.obj
 0001:00049650       md5_initialize_state       000000018004a650 f   sfc_debug:ckmd5.obj
 0001:0004a0c0       md5_update_state           000000018004b0c0 f   sfc_debug:ckmd5.obj
 0001:0004a0e0       md5_get_hash               000000018004b0e0 f   sfc_debug:ckmd5.obj
 0001:0004a110       md5_get_hash_for_a_single_string 000000018004b110 f   sfc_debug:ckmd5.obj
 0001:0004a174       mxGetPr                    000000018004b174 f   libmx:libmx.dll
 0001:0004a17a       mxCreateDoubleScalar       000000018004b17a f   libmx:libmx.dll
 0001:0004a180       mxCreateDoubleMatrix_730   000000018004b180 f   libmx:libmx.dll
 0001:0004a186       mxSetField_730             000000018004b186 f   libmx:libmx.dll
 0001:0004a18c       mxCreateString             000000018004b18c f   libmx:libmx.dll
 0001:0004a192       mxCreateStructMatrix_730   000000018004b192 f   libmx:libmx.dll
 0001:0004a198       mxDestroyArray             000000018004b198 f   libmx:libmx.dll
 0001:0004a19e       mxDuplicateArray           000000018004b19e f   libmx:libmx.dll
 0001:0004a1a4       mxIsEmpty                  000000018004b1a4 f   libmx:libmx.dll
 0001:0004a1aa       mxGetString_730            000000018004b1aa f   libmx:libmx.dll
 0001:0004a1b0       mxIsChar                   000000018004b1b0 f   libmx:libmx.dll
 0001:0004a1b6       mxGetClassID               000000018004b1b6 f   libmx:libmx.dll
 0001:0004a1bc       mxIsNumeric                000000018004b1bc f   libmx:libmx.dll
 0001:0004a1c2       mxIsComplex                000000018004b1c2 f   libmx:libmx.dll
 0001:0004a1c8       mxGetN                     000000018004b1c8 f   libmx:libmx.dll
 0001:0004a1ce       mxGetM                     000000018004b1ce f   libmx:libmx.dll
 0001:0004a1d4       mxCalloc                   000000018004b1d4 f   libmx:libmx.dll
 0001:0004a1da       mxGetScalar                000000018004b1da f   libmx:libmx.dll
 0001:0004a1e0       mxIsLogical                000000018004b1e0 f   libmx:libmx.dll
 0001:0004a1e6       mxCreateDoubleMatrix_700   000000018004b1e6 f   libmx:libmx.dll
 0001:0004a1ec       mxFree                     000000018004b1ec f   libmx:libmx.dll
 0001:0004a1f2       mxArrayToString            000000018004b1f2 f   libmx:libmx.dll
 0001:0004a1f8       mxCreateCellMatrix_700     000000018004b1f8 f   libmx:libmx.dll
 0001:0004a1fe       mxSetCell_700              000000018004b1fe f   libmx:libmx.dll
 0001:0004a204       mxGetCell_700              000000018004b204 f   libmx:libmx.dll
 0001:0004a20a       mxGetClassName             000000018004b20a f   libmx:libmx.dll
 0001:0004a210       mxSetField_700             000000018004b210 f   libmx:libmx.dll
 0001:0004a216       mxAddField                 000000018004b216 f   libmx:libmx.dll
 0001:0004a21c       mxGetField_700             000000018004b21c f   libmx:libmx.dll
 0001:0004a222       mxGetNumberOfElements      000000018004b222 f   libmx:libmx.dll
 0001:0004a228       mxIsStruct                 000000018004b228 f   libmx:libmx.dll
 0001:0004a22e       mxIsA                      000000018004b22e f   libmx:libmx.dll
 0001:0004a234       mxIsClass                  000000018004b234 f   libmx:libmx.dll
 0001:0004a23a       mxGetLogicals              000000018004b23a f   libmx:libmx.dll
 0001:0004a240       mxIsSparse                 000000018004b240 f   libmx:libmx.dll
 0001:0004a246       mxSetFieldByNumber_700     000000018004b246 f   libmx:libmx.dll
 0001:0004a24c       mxGetFieldByNumber_700     000000018004b24c f   libmx:libmx.dll
 0001:0004a252       mxGetFieldNameByNumber     000000018004b252 f   libmx:libmx.dll
 0001:0004a258       mxGetNumberOfFields        000000018004b258 f   libmx:libmx.dll
 0001:0004a25e       mxCreateStructMatrix_700   000000018004b25e f   libmx:libmx.dll
 0001:0004a264       mxGetFieldNumber           000000018004b264 f   libmx:libmx.dll
 0001:0004a26a       mxIsNaN                    000000018004b26a f   libmx:libmx.dll
 0001:0004a270       mxGetData                  000000018004b270 f   libmx:libmx.dll
 0001:0004a276       mxGetImagData              000000018004b276 f   libmx:libmx.dll
 0001:0004a27c       mxArrayClassIDName         000000018004b27c f   libmx:libmx.dll
 0001:0004a282       mxCreateNumericMatrix_700  000000018004b282 f   libmx:libmx.dll
 0001:0004a288       mxCreateStructArray_700    000000018004b288 f   libmx:libmx.dll
 0001:0004a28e       mxCalcSingleSubscript_700  000000018004b28e f   libmx:libmx.dll
 0001:0004a294       mxGetDimensions_700        000000018004b294 f   libmx:libmx.dll
 0001:0004a29a       mxGetNumberOfDimensions_700 000000018004b29a f   libmx:libmx.dll
 0001:0004a2a0       mxCreateNumericArray_700   000000018004b2a0 f   libmx:libmx.dll
 0001:0004a2a6       mxGetElementSize           000000018004b2a6 f   libmx:libmx.dll
 0001:0004a2ac       mxCreateStringFromNChars_700 000000018004b2ac f   libmx:libmx.dll
 0001:0004a2b2       mxGetString_700            000000018004b2b2 f   libmx:libmx.dll
 0001:0004a2b8       mxIsLogicalScalarTrue      000000018004b2b8 f   libmx:libmx.dll
 0001:0004a2be       mxCreateLogicalScalar      000000018004b2be f   libmx:libmx.dll
 0001:0004a2c4       mexUnlock                  000000018004b2c4 f   libmex:libmex.dll
 0001:0004a2ca       mexIsLocked                000000018004b2ca f   libmex:libmex.dll
 0001:0004a2d0       mexWarnMsgTxt              000000018004b2d0 f   libmex:libmex.dll
 0001:0004a2d6       mexCallMATLAB              000000018004b2d6 f   libmex:libmex.dll
 0001:0004a2dc       mexErrMsgTxt               000000018004b2dc f   libmex:libmex.dll
 0001:0004a2e2       mexMakeArrayPersistent     000000018004b2e2 f   libmex:libmex.dll
 0001:0004a2e8       mexSetTrapFlag             000000018004b2e8 f   libmex:libmex.dll
 0001:0004a2ee       mexPutVariable             000000018004b2ee f   libmex:libmex.dll
 0001:0004a2f4       mexGetVariable             000000018004b2f4 f   libmex:libmex.dll
 0001:0004a2fa       mexLock                    000000018004b2fa f   libmex:libmex.dll
 0001:0004a300       mexMakeMemoryPersistent    000000018004b300 f   libmex:libmex.dll
 0001:0004a306       mexFunctionName            000000018004b306 f   libmex:libmex.dll
 0001:0004a30c       ssRegisterDataTypeFxpFSlopeFixExpBias 000000018004b30c f   libfixedpoint:libfixedpoint.dll
 0001:0004a312       utVSNprintf                000000018004b312 f   libut:libut.dll
 0001:0004a318       utCPUtime                  000000018004b318 f   libut:libut.dll
 0001:0004a31e       utFree                     000000018004b31e f   libut:libut.dll
 0001:0004a324       utMalloc                   000000018004b324 f   libut:libut.dll
 0001:0004a32a       muDoubleScalarIsNaN        000000018004b32a f   libmwmathutil:libmwmathutil.dll
 0001:0004a330       muDoubleScalarAbs          000000018004b330 f   libmwmathutil:libmwmathutil.dll
 0001:0004a336       muDoubleScalarCos          000000018004b336 f   libmwmathutil:libmwmathutil.dll
 0001:0004a33c       muDoubleScalarSin          000000018004b33c f   libmwmathutil:libmwmathutil.dll
 0001:0004a342       emlrtCheckBuiltInCtxR2011a 000000018004b342 f   libemlrt:libemlrt.dll
 0001:0004a348       emlrtCheckVsBuiltInCtxR2011a 000000018004b348 f   libemlrt:libemlrt.dll
 0001:0004a34e       emlrtCheckEnumR2009a       000000018004b34e f   libemlrt:libemlrt.dll
 0001:0004a354       emlrtCreateEnumR2010a      000000018004b354 f   libemlrt:libemlrt.dll
 0001:0004a35a       emlrtGetEnumElementR2009a  000000018004b35a f   libemlrt:libemlrt.dll
 0001:0004a360       emlrtCreateReference       000000018004b360 f   libemlrt:libemlrt.dll
 0001:0004a366       emlrtImportVsFiArrayR2009b 000000018004b366 f   libemlrt:libemlrt.dll
 0001:0004a36c       emlrtNameCapturePostProcessR2012a 000000018004b36c f   libemlrt:libemlrt.dll
 0001:0004a372       emlrtExtractMessageId      000000018004b372 f   libemlrt:libemlrt.dll
 0001:0004a378       emlrtTranslateMessageIDtoLCPstring 000000018004b378 f   libemlrt:libemlrt.dll
 0001:0004a37e       emlrtForLoopVectorIsValidR2011b 000000018004b37e f   libemlrt:libemlrt.dll
 0001:0004a384       emlrtTranslateUTF16MessagetoLCPstring 000000018004b384 f   libemlrt:libemlrt.dll
 0001:0004a38a       emlrtGetEnumUnderlyingArrayR2009a 000000018004b38a f   libemlrt:libemlrt.dll
 0001:0004a390       emlrtIsEnumR2009a          000000018004b390 f   libemlrt:libemlrt.dll
 0001:0004a398       __GSHandlerCheckCommon     000000018004b398 f   MSVCRT:gshandler.obj
 0001:0004a3fc       __GSHandlerCheck           000000018004b3fc f   MSVCRT:gshandler.obj
 0001:0004a41a       strlen                     000000018004b41a f   MSVCRT:MSVCR100.dll
 0001:0004a430       __security_check_cookie    000000018004b430 f   MSVCRT:amdsecgs.obj
 0001:0004a450       memset                     000000018004b450 f   MSVCRT:MSVCR100.dll
 0001:0004a456       malloc                     000000018004b456 f   MSVCRT:MSVCR100.dll
 0001:0004a45c       free                       000000018004b45c f   MSVCRT:MSVCR100.dll
 0001:0004a462       strcmp                     000000018004b462 f   MSVCRT:MSVCR100.dll
 0001:0004a468       sprintf                    000000018004b468 f   MSVCRT:MSVCR100.dll
 0001:0004a46e       strcat                     000000018004b46e f   MSVCRT:MSVCR100.dll
 0001:0004a474       memcpy                     000000018004b474 f   MSVCRT:MSVCR100.dll
 0001:0004a47c       NtCurrentTeb               000000018004b47c f i MSVCRT:crtdll.obj
 0001:0004a4e8       _CRT_INIT                  000000018004b4e8 f   MSVCRT:crtdll.obj
 0001:0004a880       _DllMainCRTStartup         000000018004b880 f   MSVCRT:crtdll.obj
 0001:0004a8be       strncpy                    000000018004b8be f   MSVCRT:MSVCR100.dll
 0001:0004a8e0       _alloca_probe              000000018004b8e0     MSVCRT:chkstk.obj
 0001:0004a8e0       __chkstk                   000000018004b8e0 f   MSVCRT:chkstk.obj
 0001:0004a92e       longjmp                    000000018004b92e f   MSVCRT:MSVCR100.dll
 0001:0004a934       strncmp                    000000018004b934 f   MSVCRT:MSVCR100.dll
 0001:0004a93a       ceil                       000000018004b93a f   MSVCRT:MSVCR100.dll
 0001:0004a940       strrchr                    000000018004b940 f   MSVCRT:MSVCR100.dll
 0001:0004a946       _setjmp                    000000018004b946 f   MSVCRT:MSVCR100.dll
 0001:0004a94c       calloc                     000000018004b94c f   MSVCRT:MSVCR100.dll
 0001:0004a952       realloc                    000000018004b952 f   MSVCRT:MSVCR100.dll
 0001:0004a958       ldexp                      000000018004b958 f   MSVCRT:MSVCR100.dll
 0001:0004a960       __report_gsfailure         000000018004b960 f   MSVCRT:gs_report.obj
 0001:0004aaac       __clean_type_info_names    000000018004baac f   MSVCRT:tncleanup.obj
 0001:0004aab8       _onexit                    000000018004bab8 f   MSVCRT:atonexit.obj
 0001:0004ab68       atexit                     000000018004bb68 f   MSVCRT:atonexit.obj
 0001:0004ab80       _RTC_Initialize            000000018004bb80 f   MSVCRT:_initsect_.obj
 0001:0004abb8       _RTC_Terminate             000000018004bbb8 f   MSVCRT:_initsect_.obj
 0001:0004abf0       _malloc_crt                000000018004bbf0 f   MSVCRT:MSVCR100.dll
 0001:0004ac00       _ValidateImageBase         000000018004bc00 f   MSVCRT:pesect.obj
 0001:0004ac30       _FindPESection             000000018004bc30 f   MSVCRT:pesect.obj
 0001:0004ac80       _IsNonwritableInCurrentImage 000000018004bc80 f   MSVCRT:pesect.obj
 0001:0004acc2       _initterm                  000000018004bcc2 f   MSVCRT:MSVCR100.dll
 0001:0004acc8       _initterm_e                000000018004bcc8 f   MSVCRT:MSVCR100.dll
 0001:0004acce       _encoded_null              000000018004bcce f   MSVCRT:MSVCR100.dll
 0001:0004acd4       _amsg_exit                 000000018004bcd4 f   MSVCRT:MSVCR100.dll
 0001:0004acda       __C_specific_handler       000000018004bcda f   MSVCRT:MSVCR100.dll
 0001:0004ace0       __CppXcptFilter            000000018004bce0 f   MSVCRT:MSVCR100.dll
 0001:0004ace8       DllMain                    000000018004bce8 f   MSVCRT:dllmain.obj
 0001:0004ad0c       __security_init_cookie     000000018004bd0c f   MSVCRT:gs_support.obj
 0001:0004adc0       __crt_debugger_hook        000000018004bdc0 f   MSVCRT:MSVCR100.dll
 0001:0004adc6       __clean_type_info_names_internal 000000018004bdc6 f   MSVCRT:MSVCR100.dll
 0001:0004adcc       _unlock                    000000018004bdcc f   MSVCRT:MSVCR100.dll
 0001:0004add2       __dllonexit                000000018004bdd2 f   MSVCRT:MSVCR100.dll
 0001:0004add8       _lock                      000000018004bdd8 f   MSVCRT:MSVCR100.dll
 0001:0004adde       EncodePointer              000000018004bdde f   kernel32:KERNEL32.dll
 0001:0004ade4       DecodePointer              000000018004bde4 f   kernel32:KERNEL32.dll
 0001:0004adea       Sleep                      000000018004bdea f   kernel32:KERNEL32.dll
 0001:0004adf0       TerminateProcess           000000018004bdf0 f   kernel32:KERNEL32.dll
 0001:0004adf6       GetCurrentProcess          000000018004bdf6 f   kernel32:KERNEL32.dll
 0001:0004adfc       UnhandledExceptionFilter   000000018004bdfc f   kernel32:KERNEL32.dll
 0001:0004ae02       SetUnhandledExceptionFilter 000000018004be02 f   kernel32:KERNEL32.dll
 0001:0004ae08       IsDebuggerPresent          000000018004be08 f   kernel32:KERNEL32.dll
 0001:0004ae0e       RtlVirtualUnwind           000000018004be0e f   kernel32:KERNEL32.dll
 0001:0004ae14       RtlLookupFunctionEntry     000000018004be14 f   kernel32:KERNEL32.dll
 0001:0004ae1a       RtlCaptureContext          000000018004be1a f   kernel32:KERNEL32.dll
 0001:0004ae20       DisableThreadLibraryCalls  000000018004be20 f   kernel32:KERNEL32.dll
 0001:0004ae26       QueryPerformanceCounter    000000018004be26 f   kernel32:KERNEL32.dll
 0001:0004ae2c       GetTickCount               000000018004be2c f   kernel32:KERNEL32.dll
 0001:0004ae32       GetCurrentThreadId         000000018004be32 f   kernel32:KERNEL32.dll
 0001:0004ae38       GetCurrentProcessId        000000018004be38 f   kernel32:KERNEL32.dll
 0001:0004ae3e       GetSystemTimeAsFileTime    000000018004be3e f   kernel32:KERNEL32.dll
 0002:00000000       __imp_DisableThreadLibraryCalls 000000018004c000     kernel32:KERNEL32.dll
 0002:00000008       __imp_RtlCaptureContext    000000018004c008     kernel32:KERNEL32.dll
 0002:00000010       __imp_RtlLookupFunctionEntry 000000018004c010     kernel32:KERNEL32.dll
 0002:00000018       __imp_RtlVirtualUnwind     000000018004c018     kernel32:KERNEL32.dll
 0002:00000020       __imp_IsDebuggerPresent    000000018004c020     kernel32:KERNEL32.dll
 0002:00000028       __imp_SetUnhandledExceptionFilter 000000018004c028     kernel32:KERNEL32.dll
 0002:00000030       __imp_UnhandledExceptionFilter 000000018004c030     kernel32:KERNEL32.dll
 0002:00000038       __imp_GetCurrentProcess    000000018004c038     kernel32:KERNEL32.dll
 0002:00000040       __imp_TerminateProcess     000000018004c040     kernel32:KERNEL32.dll
 0002:00000048       __imp_Sleep                000000018004c048     kernel32:KERNEL32.dll
 0002:00000050       __imp_DecodePointer        000000018004c050     kernel32:KERNEL32.dll
 0002:00000058       __imp_EncodePointer        000000018004c058     kernel32:KERNEL32.dll
 0002:00000060       __imp_GetTickCount         000000018004c060     kernel32:KERNEL32.dll
 0002:00000068       __imp_GetCurrentThreadId   000000018004c068     kernel32:KERNEL32.dll
 0002:00000070       __imp_GetCurrentProcessId  000000018004c070     kernel32:KERNEL32.dll
 0002:00000078       __imp_GetSystemTimeAsFileTime 000000018004c078     kernel32:KERNEL32.dll
 0002:00000080       __imp_QueryPerformanceCounter 000000018004c080     kernel32:KERNEL32.dll
 0002:00000088       \177KERNEL32_NULL_THUNK_DATA 000000018004c088     kernel32:KERNEL32.dll
 0002:00000090       __imp_realloc              000000018004c090     MSVCRT:MSVCR100.dll
 0002:00000098       __imp__onexit              000000018004c098     MSVCRT:MSVCR100.dll
 0002:000000a0       __imp__lock                000000018004c0a0     MSVCRT:MSVCR100.dll
 0002:000000a8       __imp___dllonexit          000000018004c0a8     MSVCRT:MSVCR100.dll
 0002:000000b0       __imp__unlock              000000018004c0b0     MSVCRT:MSVCR100.dll
 0002:000000b8       __imp___clean_type_info_names_internal 000000018004c0b8     MSVCRT:MSVCR100.dll
 0002:000000c0       __imp___crt_debugger_hook  000000018004c0c0     MSVCRT:MSVCR100.dll
 0002:000000c8       __imp___CppXcptFilter      000000018004c0c8     MSVCRT:MSVCR100.dll
 0002:000000d0       __imp___C_specific_handler 000000018004c0d0     MSVCRT:MSVCR100.dll
 0002:000000d8       __imp__amsg_exit           000000018004c0d8     MSVCRT:MSVCR100.dll
 0002:000000e0       __imp__encoded_null        000000018004c0e0     MSVCRT:MSVCR100.dll
 0002:000000e8       __imp__initterm_e          000000018004c0e8     MSVCRT:MSVCR100.dll
 0002:000000f0       __imp__initterm            000000018004c0f0     MSVCRT:MSVCR100.dll
 0002:000000f8       __imp__malloc_crt          000000018004c0f8     MSVCRT:MSVCR100.dll
 0002:00000100       __imp_ldexp                000000018004c100     MSVCRT:MSVCR100.dll
 0002:00000108       __imp_strlen               000000018004c108     MSVCRT:MSVCR100.dll
 0002:00000110       __imp_calloc               000000018004c110     MSVCRT:MSVCR100.dll
 0002:00000118       __imp__setjmp              000000018004c118     MSVCRT:MSVCR100.dll
 0002:00000120       __imp_strrchr              000000018004c120     MSVCRT:MSVCR100.dll
 0002:00000128       __imp_ceil                 000000018004c128     MSVCRT:MSVCR100.dll
 0002:00000130       __imp_strncmp              000000018004c130     MSVCRT:MSVCR100.dll
 0002:00000138       __imp_longjmp              000000018004c138     MSVCRT:MSVCR100.dll
 0002:00000140       __imp_strncpy              000000018004c140     MSVCRT:MSVCR100.dll
 0002:00000148       __imp_memcpy               000000018004c148     MSVCRT:MSVCR100.dll
 0002:00000150       __imp_strcat               000000018004c150     MSVCRT:MSVCR100.dll
 0002:00000158       __imp_sprintf              000000018004c158     MSVCRT:MSVCR100.dll
 0002:00000160       __imp_strcmp               000000018004c160     MSVCRT:MSVCR100.dll
 0002:00000168       __imp_free                 000000018004c168     MSVCRT:MSVCR100.dll
 0002:00000170       __imp_malloc               000000018004c170     MSVCRT:MSVCR100.dll
 0002:00000178       __imp_memset               000000018004c178     MSVCRT:MSVCR100.dll
 0002:00000180       \177MSVCR100_NULL_THUNK_DATA 000000018004c180     MSVCRT:MSVCR100.dll
 0002:00000188       __imp_emlrtIsEnumR2009a    000000018004c188     libemlrt:libemlrt.dll
 0002:00000190       __imp_emlrtCheckVsBuiltInCtxR2011a 000000018004c190     libemlrt:libemlrt.dll
 0002:00000198       __imp_emlrtGetEnumUnderlyingArrayR2009a 000000018004c198     libemlrt:libemlrt.dll
 0002:000001a0       __imp_emlrtTranslateUTF16MessagetoLCPstring 000000018004c1a0     libemlrt:libemlrt.dll
 0002:000001a8       __imp_emlrtForLoopVectorIsValidR2011b 000000018004c1a8     libemlrt:libemlrt.dll
 0002:000001b0       __imp_emlrtTranslateMessageIDtoLCPstring 000000018004c1b0     libemlrt:libemlrt.dll
 0002:000001b8       __imp_emlrtExtractMessageId 000000018004c1b8     libemlrt:libemlrt.dll
 0002:000001c0       __imp_emlrtCheckBuiltInCtxR2011a 000000018004c1c0     libemlrt:libemlrt.dll
 0002:000001c8       __imp_emlrtCheckEnumR2009a 000000018004c1c8     libemlrt:libemlrt.dll
 0002:000001d0       __imp_emlrtCreateEnumR2010a 000000018004c1d0     libemlrt:libemlrt.dll
 0002:000001d8       __imp_emlrtGetEnumElementR2009a 000000018004c1d8     libemlrt:libemlrt.dll
 0002:000001e0       __imp_emlrtCreateReference 000000018004c1e0     libemlrt:libemlrt.dll
 0002:000001e8       __imp_emlrtImportVsFiArrayR2009b 000000018004c1e8     libemlrt:libemlrt.dll
 0002:000001f0       __imp_emlrtNameCapturePostProcessR2012a 000000018004c1f0     libemlrt:libemlrt.dll
 0002:000001f8       \177libemlrt_NULL_THUNK_DATA 000000018004c1f8     libemlrt:libemlrt.dll
 0002:00000200       __imp_ssRegisterDataTypeFxpFSlopeFixExpBias 000000018004c200     libfixedpoint:libfixedpoint.dll
 0002:00000208       \177libfixedpoint_NULL_THUNK_DATA 000000018004c208     libfixedpoint:libfixedpoint.dll
 0002:00000210       __imp_mexMakeMemoryPersistent 000000018004c210     libmex:libmex.dll
 0002:00000218       __imp_mexFunctionName      000000018004c218     libmex:libmex.dll
 0002:00000220       __imp_mexSetTrapFlag       000000018004c220     libmex:libmex.dll
 0002:00000228       __imp_mexLock              000000018004c228     libmex:libmex.dll
 0002:00000230       __imp_mexGetVariable       000000018004c230     libmex:libmex.dll
 0002:00000238       __imp_mexMakeArrayPersistent 000000018004c238     libmex:libmex.dll
 0002:00000240       __imp_mexErrMsgTxt         000000018004c240     libmex:libmex.dll
 0002:00000248       __imp_mexCallMATLAB        000000018004c248     libmex:libmex.dll
 0002:00000250       __imp_mexWarnMsgTxt        000000018004c250     libmex:libmex.dll
 0002:00000258       __imp_mexIsLocked          000000018004c258     libmex:libmex.dll
 0002:00000260       __imp_mexUnlock            000000018004c260     libmex:libmex.dll
[...]
 0001:00022710       ml_get_element_value_from_array 0000000180023710 f   sfc_mex:sfc_mex.obj
 0001:00022ab0       _ml_generic_castability_check 0000000180023ab0 f   sfc_mex:sfc_mex.obj
 0001:00023810       ml_generic_castability_check 0000000180024810 f   sfc_mex:sfc_mex.obj
 0001:000238b0       ml_check_mx_array_for_single_castability 00000001800248b0 f   sfc_mex:sfc_mex.obj
 0001:00023950       ml_check_mx_array_for_logical_castability 0000000180024950 f   sfc_mex:sfc_mex.obj
 0001:000239f0       ml_check_mx_array_for_int8_castability 00000001800249f0 f   sfc_mex:sfc_mex.obj
 0001:00023aa0       ml_check_mx_array_for_uint8_castability 0000000180024aa0 f   sfc_mex:sfc_mex.obj
 0001:00023b00       ml_check_mx_array_for_int16_castability 0000000180024b00 f   sfc_mex:sfc_mex.obj
 0001:00023b60       ml_check_mx_array_for_uint16_castability 0000000180024b60 f   sfc_mex:sfc_mex.obj
 0001:00023bc0       ml_check_mx_array_for_int32_castability 0000000180024bc0 f   sfc_mex:sfc_mex.obj
 0001:00023c20       ml_check_mx_array_for_uint32_castability 0000000180024c20 f   sfc_mex:sfc_mex.obj
 0001:00023c80       ml_check_mx_array_for_castability 0000000180024c80 f   sfc_mex:sfc_mex.obj
 0001:000245b0       set_data_value             00000001800255b0 f   sfc_mex:sfc_mex.obj
 0001:00024920       get_data_value             0000000180025920 f   sfc_mex:sfc_mex.obj
 0001:00024a30       get_next_element_address   0000000180025a30 f   sfc_mex:sfc_mex.obj
 0001:00024b00       sf_normalize_index         0000000180025b00 f   sfc_mex:sfc_mex.obj
 0001:00024e90       ml_array_index_bound_check 0000000180025e90 f   sfc_mex:sfc_mex.obj
 0001:000259b0       mx_value                   00000001800269b0 f   sfc_mex:sfc_mex.obj
 0001:00025a00       sf_create_numeric_array    0000000180026a00 f   sfc_mex:sfc_mex.obj
 0001:00025aa0       sf_mex_assign_to_mx_array  0000000180026aa0 f   sfc_mex:sfc_mex.obj
 0001:00025df0       assign_from_mx_array       0000000180026df0 f   sfc_mex:sfc_mex.obj
 0001:00026620       sf_mex_import_v            0000000180027620 f   sfc_mex:sfc_mex.obj
 0001:00026d20       get_machine_and_chart_file_number 0000000180027d20 f   sfc_mex:sfc_sf.obj
 0001:00026e10       get_sfun_block_specialization 0000000180027e10 f   sfc_mex:sfc_sf.obj
 0001:00026ec0       call_sf_machine_global_method_dispatcher 0000000180027ec0 f   sfc_mex:sfc_sf.obj
 0001:00027110       mdl_zeroCrossings_processing 0000000180028110 f   sfc_mex:sfc_sf.obj
 0001:000271e0       mdl_derivatives_processing 00000001800281e0 f   sfc_mex:sfc_sf.obj
 0001:000274a0       mdl_outputs_continuous_legacy 00000001800284a0 f   sfc_mex:sfc_sf.obj
 0001:00027520       mdl_outputs_processing     0000000180028520 f   sfc_mex:sfc_sf.obj
 0001:00027750       mdl_enable_processing      0000000180028750 f   sfc_mex:sfc_sf.obj
 0001:00027820       mdl_disable_processing     0000000180028820 f   sfc_mex:sfc_sf.obj
 0001:00028590       sf_call_output_fcn_enable_disable 0000000180029590 f   sfc_mex:sfc_sf.obj
 0001:00028810       set_dwork_information_from_mx_array 0000000180029810 f   sfc_mex:sfc_sf.obj
 0001:000290d0       ptr2mxStruct               000000018002a0d0 f   sfc_mex:sfc_sf.obj
 0001:000293e0       SNPRINTF_WRAPPER           000000018002a3e0 f   sfc_debug:sfcdebug.obj
 0001:00029400       sf_debug_chart_instance_initialized_quick 000000018002a400 f   sfc_debug:sfcdebug.obj
 0001:00029410       sf_debug_chart_instance_initialized 000000018002a410 f   sfc_debug:sfcdebug.obj
 0001:000295b0       sfrtAddSize                000000018002a5b0 f   sfc_debug:sfcdebug.obj
 0001:00029670       sfrtGenSizeString          000000018002a670 f   sfc_debug:sfcdebug.obj
 0001:00029d80       fill_single_message_info   000000018002ad80 f   sfc_debug:sfcdebug.obj
 0001:00029f40       sf_debug_sim_status_listener 000000018002af40 f   sfc_debug:sfcdebug.obj
 0001:0002a4b0       sf_debug_form_mask_bits    000000018002b4b0 f   sfc_debug:sfcdebug.obj
 0001:0002a4f0       sf_debug_form_sf_data_type_offsets 000000018002b4f0 f   sfc_debug:sfcdebug.obj
 0001:0002a5b0       sf_debug_free_all          000000018002b5b0 f   sfc_debug:sfcdebug.obj
 0001:0002a760       sf_debug_append_debugger_context 000000018002b760 f   sfc_debug:sfcdebug.obj
 0001:0002aa20       local_strdup               000000018002ba20 f   sfc_debug:sfcdebug.obj
 0001:0002b900       sf_debug_em_terminate      000000018002c900 f   sfc_debug:sfcdebug.obj
 0001:0002b940       sf_debug_push_eml_function 000000018002c940 f   sfc_debug:sfcdebug.obj
 0001:0002b9e0       sf_debug_pop_eml_function  000000018002c9e0 f   sfc_debug:sfcdebug.obj
 0001:0002c6e0       sf_debug_get_machine_number_from_id_or_name 000000018002d6e0 f   sfc_debug:sfcdebug.obj
 0001:0002c830       sf_debug_get_chart_number_from_id 000000018002d830 f   sfc_debug:sfcdebug.obj
 0001:0002d4a0       sf_debug_transfer_control_to_debugger_GUI 000000018002e4a0 f   sfc_debug:sfcdebug.obj
 0001:0002e430       sf_debug_scripts_rehash    000000018002f430 f   sfc_debug:sfcdebug.obj
 0001:0002e670       sf_debug_get_script_line_count 000000018002f670 f   sfc_debug:sfcdebug.obj
 0001:0002efa0       cv_eml_state_cvId          000000018002ffa0 f   sfc_debug:sfcdebug.obj
 0001:0002f010       cv_eml_trans_cvId          0000000180030010 f   sfc_debug:sfcdebug.obj
 0001:000302d0       sf_debug_data_array_bounds_error 00000001800312d0 f   sfc_debug:sfcdebug.obj
 0001:00030700       eml_debug_runtime_error_doclink 0000000180031700 f   sfc_debug:sfcdebug.obj
 0001:00030880       sf_debug_runtime_error     0000000180031880 f   sfc_debug:sfcdebug.obj
 0001:000308f0       sf_debug_matlab_error      00000001800318f0 f   sfc_debug:sfcdebug.obj
 0001:00031220       sf_debug_data_value_error  0000000180032220 f   sfc_debug:sfcdebug.obj
 0001:00031b20       sf_debug_data_loss_error   0000000180032b20 f   sfc_debug:sfcdebug.obj
 0001:00032a40       call_cv_range_check        0000000180033a40 f   sfc_debug:sfcdebug.obj
 0001:00033210       sf_debug_invoke_cycle_detection_code 0000000180034210 f   sfc_debug:sfcdebug.obj
 0001:000342f0       sf_reset_debug_info_struct 00000001800352f0 f   sfc_debug:sfcdebug.obj
 0001:00034be0       cv_script_cvId             0000000180035be0 f   sfc_debug:sfcdebug.obj
 0001:00035930       sfc_api_chart_visible      0000000180036930 f   sfc_debug:sfc_api.obj
 0001:000359b0       sfc_api_active_instance    00000001800369b0 f   sfc_debug:sfc_api.obj
 0001:00035a30       sfc_api_machine_load       0000000180036a30 f   sfc_debug:sfc_api.obj
 0001:00035b00       sfc_api_debugger_alive     0000000180036b00 f   sfc_debug:sfc_api.obj
 0001:00035b10       sfc_api_go                 0000000180036b10 f   sfc_debug:sfc_api.obj
 0001:00035b20       sfc_api_step_over          0000000180036b20 f   sfc_debug:sfc_api.obj
 0001:00035b30       sfc_api_step_out           0000000180036b30 f   sfc_debug:sfc_api.obj
 0001:00035b40       sfc_api_resume             0000000180036b40 f   sfc_debug:sfc_api.obj
 0001:00035b50       sfc_api_break              0000000180036b50 f   sfc_debug:sfc_api.obj
 0001:00035b60       sfc_api_stop_debugging     0000000180036b60 f   sfc_debug:sfc_api.obj
 0001:00035bb0       sfc_api_is_cycle_detected  0000000180036bb0 f   sfc_debug:sfc_api.obj
 0001:00035c00       sfc_api_is_array_bounds_detected 0000000180036c00 f   sfc_debug:sfc_api.obj
 0001:00035c50       sfc_api_set_disable_all_breakpoints 0000000180036c50 f   sfc_debug:sfc_api.obj
 0001:00035cc0       sfc_api_disable_all_breakpoints_and_go 0000000180036cc0 f   sfc_debug:sfc_api.obj
 0001:00035cd0       sfc_api_close              0000000180036cd0 f   sfc_debug:sfc_api.obj
 0001:00035ce0       sfc_api_browse_data        0000000180036ce0 f   sfc_debug:sfc_api.obj
 0001:00035d50       sfc_api_watch_data         0000000180036d50 f   sfc_debug:sfc_api.obj
 0001:00035df0       sfc_api_extract_message_post_receive_info 0000000180036df0 f   sfc_debug:sfc_api.obj
 0001:00035e10       sfc_api_assign_data        0000000180036e10 f   sfc_debug:sfc_api.obj
 0001:00035eb0       sfc_api_whos               0000000180036eb0 f   sfc_debug:sfc_api.obj
 0001:00035f40       sfc_api_get_consistency_info 0000000180036f40 f   sfc_debug:sfc_api.obj
 0001:00035f50       sfc_api_browse_trace       0000000180036f50 f   sfc_debug:sfc_api.obj
 0001:00035f60       sfc_api_break_on_chart_entry 0000000180036f60 f   sfc_debug:sfc_api.obj
 0001:00035f80       sfc_api_break_on_event_broadcast 0000000180036f80 f   sfc_debug:sfc_api.obj
 0001:00035fa0       sfc_api_break_on_state_entry 0000000180036fa0 f   sfc_debug:sfc_api.obj
 0001:00035fc0       sfc_api_set_watch          0000000180036fc0 f   sfc_debug:sfc_api.obj
 0001:00036060       sfc_api_set_breakpoints    0000000180037060 f   sfc_debug:sfc_api.obj
 0001:00036100       sfc_api_set_eml_breakpoints 0000000180037100 f   sfc_debug:sfc_api.obj
 0001:00036180       sfc_api_set_script_breakpoints 0000000180037180 f   sfc_debug:sfc_api.obj
 0001:000361d0       sfc_api_add_script_breakpoints 00000001800371d0 f   sfc_debug:sfc_api.obj
 0001:00036220       sfc_api_clear_script_breakpoints 0000000180037220 f   sfc_debug:sfc_api.obj
 0001:00036270       sfc_api_query_script_breakpoints 0000000180037270 f   sfc_debug:sfc_api.obj
 0001:000362d0       sfc_api_get_script_id      00000001800372d0 f   sfc_debug:sfc_api.obj
 0001:00036390       sfc_api_get_active_states  0000000180037390 f   sfc_debug:sfc_api.obj
 0001:00036410       sfc_api_break_between_times 0000000180037410 f   sfc_debug:sfc_api.obj
 0001:00036470       sfc_api_get_instance_handle 0000000180037470 f   sfc_debug:sfc_api.obj
 0001:00036520       sfc_api_set_animation      0000000180037520 f   sfc_debug:sfc_api.obj
 0001:00036570       sfc_api_select_chart       0000000180037570 f   sfc_debug:sfc_api.obj
 0001:000365d0       sfc_api_select_charts      00000001800375d0 f   sfc_debug:sfc_api.obj
 0001:00036600       sfc_api_cycle_detection_check 0000000180037600 f   sfc_debug:sfc_api.obj
 0001:00036650       sfc_api_data_range_check   0000000180037650 f   sfc_debug:sfc_api.obj
 0001:000366a0       sfc_api_transition_conflict_check 00000001800376a0 f   sfc_debug:sfc_api.obj
 0001:000366f0       sfc_api_state_consistency_check 00000001800376f0 f   sfc_debug:sfc_api.obj
 0001:00036740       sfc_api_set_instance_cv_ids 0000000180037740 f   sfc_debug:sfc_api.obj
 0001:00036850       sfc_api_set_script_cv_ids  0000000180037850 f   sfc_debug:sfc_api.obj
 0001:00036900       sfc_api_get_current_machine_id 0000000180037900 f   sfc_debug:sfc_api.obj
 0001:00036930       sfc_api_get_current_machine_number 0000000180037930 f   sfc_debug:sfc_api.obj
 0001:00036960       sfc_api_get_current_chart_number 0000000180037960 f   sfc_debug:sfc_api.obj
 0001:00036990       sfc_api_get_current_instance_number 0000000180037990 f   sfc_debug:sfc_api.obj
 0001:000369c0       sfc_api_get_current_instance_handle 00000001800379c0 f   sfc_debug:sfc_api.obj
 0001:000369e0       sfc_api_get_current_is_minor_time_step 00000001800379e0 f   sfc_debug:sfc_api.obj
 0001:00036a10       sfc_api_get_current_machine_name 0000000180037a10 f   sfc_debug:sfc_api.obj
 0001:00036a30       sfc_api_get_current_chart_id 0000000180037a30 f   sfc_debug:sfc_api.obj
 0001:00036a60       sfc_api_get_current_object_type 0000000180037a60 f   sfc_debug:sfc_api.obj
 0001:00036a90       sfc_api_get_current_event_type 0000000180037a90 f   sfc_debug:sfc_api.obj
 0001:00036ac0       sfc_api_get_current_object_id 0000000180037ac0 f   sfc_debug:sfc_api.obj
 0001:00036af0       sfc_get_current_active_event_type 0000000180037af0 f   sfc_debug:sfc_api.obj
 0001:00036b20       sfc_api_get_current_active_event_id 0000000180037b20 f   sfc_debug:sfc_api.obj
 0001:00036b50       sfc_api_get_current_simulation_time 0000000180037b50 f   sfc_debug:sfc_api.obj
 0001:00036b70       sfc_get_current_tag_type   0000000180037b70 f   sfc_debug:sfc_api.obj
 0001:00036ba0       sfc_get_current_coverage_percentage 0000000180037ba0 f   sfc_debug:sfc_api.obj
 0001:00036bc0       sfc_get_current_statement_context 0000000180037bc0 f   sfc_debug:sfc_api.obj
 0001:00036be0       sfc_get_current_optional_integer 0000000180037be0 f   sfc_debug:sfc_api.obj
 0001:00036c10       sfc_get_current_statement_info 0000000180037c10 f   sfc_debug:sfc_api.obj
 0001:00036cb0       sfc_api_get                0000000180037cb0 f   sfc_debug:sfc_api.obj
 0001:00036e10       sf_debug_sm_is_using_unified_editors 0000000180037e10 f   sfc_debug:sfdb_animation.obj
 0001:00036eb0       sf_debug_sm_is_chart_visible_in_unified_editors 0000000180037eb0 f   sfc_debug:sfdb_animation.obj
 0001:00036f70       sf_debug_sm_check_if_chart_is_visible 0000000180037f70 f   sfc_debug:sfdb_animation.obj
 0001:00037a70       sf_debug_sm_fill_state_activity_data 0000000180038a70 f   sfc_debug:sfdb_animation.obj
 0001:0003a2a0       void_ptr_stack_vector_free_total 000000018003b2a0 f   sfc_debug:sfdb_data_browse.obj
 0001:0003a330       sf_debug_st_terminate_machine 000000018003b330 f   sfc_debug:sfdb_data_browse.obj
 0001:0003a370       sf_debug_st_terminate_instance 000000018003b370 f   sfc_debug:sfdb_data_browse.obj
 0001:0003a720       push_on_to_void_ptr_stack  000000018003b720 f   sfc_debug:sfdb_data_browse.obj
 0001:0003a8b0       pop_from_void_ptr_stack    000000018003b8b0 f   sfc_debug:sfdb_data_browse.obj
 0001:0003a9e0       sf_debug_st_get_data_value 000000018003b9e0 f   sfc_debug:sfdb_data_browse.obj
 0001:0003af70       mx_value                   000000018003bf70 f   sfc_debug:sfdb_data_browse.obj
 0001:0003afb0       sf_debug_st_fill_data_struct 000000018003bfb0 f   sfc_debug:sfdb_data_browse.obj
 0001:0003b2f0       data_type_format_strings   000000018003c2f0 f   sfc_debug:sfdb_data_browse.obj
 0001:0003b3a0       sf_debug_st_fill_data      000000018003c3a0 f   sfc_debug:sfdb_data_browse.obj
 0001:0003c0f0       sf_debug_hm_get_simulink_handle 000000018003d0f0 f   sfc_debug:sfdb_handle_management.obj
 0001:0003cc40       sf_debug_hm_initialize_globals 000000018003dc40 f   sfc_debug:sfdb_handle_management.obj
 0001:0003cd40       sf_debug_hm_get_machine_debug_flag 000000018003dd40 f   sfc_debug:sfdb_handle_management.obj
 0001:0003ceb0       sf_debug_hm_get_machine_id 000000018003deb0 f   sfc_debug:sfdb_handle_management.obj
 0001:0003cfd0       sf_debug_hm_get_chart_id   000000018003dfd0 f   sfc_debug:sfdb_handle_management.obj
 0001:0003d170       sf_debug_hm_register_executing_SFunction 000000018003e170 f   sfc_debug:sfdb_handle_management.obj
 0001:0003d310       sf_debug_hm_get_chart_active_instance 000000018003e310 f   sfc_debug:sfdb_handle_management.obj
 0001:0003d480       sf_debug_hm_get_chart_visibility 000000018003e480 f   sfc_debug:sfdb_handle_management.obj
 0001:0003d5d0       sf_debug_hm_form_object_boolean_properties 000000018003e5d0 f   sfc_debug:sfdb_handle_management.obj
 0001:0003d8a0       sf_debug_hm_form_object_properties 000000018003e8a0 f   sfc_debug:sfdb_handle_management.obj
 0001:0003dae0       sf_debug_hm_terminate_charts 000000018003eae0 f   sfc_debug:sfdb_handle_management.obj
 0001:0003e250       sf_debug_hm_terminate_machines 000000018003f250 f   sfc_debug:sfdb_handle_management.obj
 0001:0003fea0       sf_debug_ss_copy_dimension 0000000180040ea0 f   sfc_debug:sfdb_symbol_scope.obj
 0001:0003ff60       sf_debug_ss_get_number_elements 0000000180040f60 f   sfc_debug:sfdb_symbol_scope.obj
 0001:0003ff80       sf_debug_ss_fill_data_struct 0000000180040f80 f   sfc_debug:sfdb_symbol_scope.obj
 0001:000402d0       sf_debug_ss_reset_data_info 00000001800412d0 f   sfc_debug:sfdb_symbol_scope.obj
 0001:00040330       sf_debug_fill_data_info_by_symbol_scope_entry 0000000180041330 f   sfc_debug:sfdb_symbol_scope.obj
 0001:000403f0       sf_debug_fill_data_info_by_data_vector 00000001800413f0 f   sfc_debug:sfdb_symbol_scope.obj
 0001:00040640       sf_debug_ss_get_data_info  0000000180041640 f   sfc_debug:sfdb_symbol_scope.obj
 0001:00040930       sf_debug_select_mex_function 0000000180041930 f   sfc_debug:sfdb_symbol_scope.obj
 0001:00040960       sf_debug_is_dyn_matrix_initialized 0000000180041960 f   sfc_debug:sfdb_symbol_scope.obj
 0001:00040980       sf_debug_ss_set_data_value_try 0000000180041980 f   sfc_debug:sfdb_symbol_scope.obj
 0001:00040b50       sf_debug_ss_get_data_value 0000000180041b50 f   sfc_debug:sfdb_symbol_scope.obj
 0001:000410a0       sf_debug_ss_data_bytes_string 00000001800420a0 f   sfc_debug:sfdb_symbol_scope.obj
 0001:00041150       sf_debug_ss_data_class_string 0000000180042150 f   sfc_debug:sfdb_symbol_scope.obj
 0001:000414e0       sf_debug_ss_data_size_string 00000001800424e0 f   sfc_debug:sfdb_symbol_scope.obj
 0001:000415c0       sf_debug_ss_data_create_data_info_struct 00000001800425c0 f   sfc_debug:sfdb_symbol_scope.obj
 0001:00041890       sf_debug_ss_data_create_name_value_pair 0000000180042890 f   sfc_debug:sfdb_symbol_scope.obj
 0001:00041930       sf_debug_ss_data_get_whos_info 0000000180042930 f   sfc_debug:sfdb_symbol_scope.obj
 0001:00041940       same_named_data_in_data_array 0000000180042940 f   sfc_debug:sfdb_symbol_scope.obj
 0001:000431b0       sf_debug_cc_terminate_chart 00000001800441b0 f   sfc_debug:sfdb_coverage.obj
 0001:00043550       sf_debug_cc_terminate_instance 0000000180044550 f   sfc_debug:sfdb_coverage.obj
 0001:00044140       sf_debug_cc_mark_object_if_needed 0000000180045140 f   sfc_debug:sfdb_coverage.obj
 0001:00044a40       sf_debug_bm_initialize_eml 0000000180045a40 f   sfc_debug:sfdb_breakpoints.obj
 0001:00045bb0       sf_debug_bm_map_debug_tag_to_breakpoint_tag 0000000180046bb0 f   sfc_debug:sfdb_breakpoints.obj
 0001:00045c90       sf_debug_bm_is_a_eml_breakpoint_impl 0000000180046c90 f   sfc_debug:sfdb_breakpoints.obj
 0001:00047710       sf_debug_sc_push_on_error_stack 0000000180048710 f   sfc_debug:sfdb_state_consistency.obj
 0001:00047840       sf_debug_sc_reset_error_stack 0000000180048840 f   sfc_debug:sfdb_state_consistency.obj
 0001:000479d0       sf_debug_sc_is_state_inconsistent 00000001800489d0 f   sfc_debug:sfdb_state_consistency.obj
 0001:00047cd0       sf_debug_sc_fill_consistency_info 0000000180048cd0 f   sfc_debug:sfdb_state_consistency.obj
 0001:000482b0       void_assertion_fcn         00000001800492b0 f   sfc_debug:sfdb_call_stack.obj
 0001:00048830       sf_debug_tm_fill_local_trace 0000000180049830 f   sfc_debug:sfdb_call_stack.obj
 0001:00048e00       sf_debug_cd_terminate_instance 0000000180049e00 f   sfc_debug:sfdb_cycle_detection.obj
 0001:00048e60       sf_debug_cd_free_checksum_stack 0000000180049e60 f   sfc_debug:sfdb_cycle_detection.obj
 0001:00048eb0       sf_debug_cd_reset_pack_strings 0000000180049eb0 f   sfc_debug:sfdb_cycle_detection.obj
 0001:00049570       md5file_clear              000000018004a570 f   sfc_debug:ckmd5.obj
 0001:000495a0       Encode                     000000018004a5a0 f   sfc_debug:ckmd5.obj
 0001:000495f0       Decode                     000000018004a5f0 f   sfc_debug:ckmd5.obj
 0001:00049690       MD5Transform               000000018004a690 f   sfc_debug:ckmd5.obj
 0001:00049ee0       md5file_addn               000000018004aee0 f   sfc_debug:ckmd5.obj
 0001:00049fb0       md5file_hash               000000018004afb0 f   sfc_debug:ckmd5.obj
 0001:0004a488       pre_c_init                 000000018004b488 f   MSVCRT:crtdll.obj
 0001:0004a744       __DllMainCRTStartup        000000018004b744 f   MSVCRT:crtdll.obj
 0001:0004ae50       __DllMainCRTStartup$filt$0 000000018004be50 f   MSVCRT:crtdll.obj
 0001:0004ae80       __DllMainCRTStartup$fin$1  000000018004be80 f   MSVCRT:crtdll.obj
 0001:0004ae9a       _onexit$fin$0              000000018004be9a f   MSVCRT:atonexit.obj
 0001:0004aec0       _IsNonwritableInCurrentImage$filt$0 000000018004bec0 f   MSVCRT:pesect.obj
